Archive member included because of file (symbol)

contiki-sky.a(rimeaddr.o)     ELECTION.co (rimeaddr_copy)
contiki-sky.a(rime.o)         obj_sky/contiki-sky-main.o (rime_driver)
contiki-sky.a(announcement.o)
                              contiki-sky.a(rime.o) (announcement_init)
contiki-sky.a(broadcast-annou)
                              contiki-sky.a(rime.o) (broadcast_announcement_init)
contiki-sky.a(broadcast.o)    ELECTION.co (broadcast_open)
contiki-sky.a(abc.o)          contiki-sky.a(broadcast.o) (abc_open)
contiki-sky.a(chameleon.o)    contiki-sky.a(rime.o) (chameleon_init)
contiki-sky.a(channel.o)      contiki-sky.a(chameleon.o) (channel_init)
contiki-sky.a(chameleon-bitop)
                              contiki-sky.a(chameleon.o) (chameleon_bitopt)
contiki-sky.a(nullmac.o)      ELECTION.co (nullmac_driver)
contiki-sky.a(nullrdc.o)      obj_sky/contiki-sky-main.o (nullrdc_driver)
contiki-sky.a(mac.o)          contiki-sky.a(nullrdc.o) (mac_call_sent_callback)
contiki-sky.a(framer-802154.o)
                              contiki-sky.a(nullrdc.o) (framer_802154)
contiki-sky.a(process.o)      obj_sky/contiki-sky-main.o (process_init)
contiki-sky.a(autostart.o)    obj_sky/contiki-sky-main.o (autostart_start)
contiki-sky.a(serial-line.o)  obj_sky/contiki-sky-main.o (serial_line_input_byte)
contiki-sky.a(timer.o)        obj_sky/contiki-sky-main.o (timer_set)
contiki-sky.a(list.o)         contiki-sky.a(announcement.o) (list_init)
contiki-sky.a(etimer.o)       obj_sky/contiki-sky-main.o (etimer_process)
contiki-sky.a(ctimer.o)       obj_sky/contiki-sky-main.o (ctimer_init)
contiki-sky.a(energest.o)     obj_sky/contiki-sky-main.o (energest_init)
contiki-sky.a(rtimer.o)       ELECTION.co (rtimer_init)
contiki-sky.a(random.o)       ELECTION.co (random_init)
contiki-sky.a(ringbuf.o)      contiki-sky.a(serial-line.o) (ringbuf_init)
contiki-sky.a(packetbuf.o)    contiki-sky.a(chameleon-bitop) (packetbuf_hdrreduce)
contiki-sky.a(queuebuf.o)     contiki-sky.a(rime.o) (queuebuf_init)
contiki-sky.a(contiki-sky-pla)
                              obj_sky/contiki-sky-main.o (init_platform)
contiki-sky.a(button-sensor.o)
                              contiki-sky.a(contiki-sky-pla) (button_sensor)
contiki-sky.a(ds2411.o)       obj_sky/contiki-sky-main.o (ds2411_init)
contiki-sky.a(xmem.o)         obj_sky/contiki-sky-main.o (xmem_init)
contiki-sky.a(node-id.o)      obj_sky/contiki-sky-main.o (node_id_restore)
contiki-sky.a(sensors.o)      contiki-sky.a(button-sensor.o) (sensors_changed)
contiki-sky.a(cc2420.o)       ELECTION.co (cc2420_get_channel)
contiki-sky.a(cc2420-arch.o)  contiki-sky.a(cc2420.o) (cc2420_arch_init)
contiki-sky.a(uart1.o)        obj_sky/contiki-sky-main.o (uart1_active)
contiki-sky.a(uart1-putchar.o)
                              obj_sky/contiki-sky-main.o (putchar)
contiki-sky.a(msp430.o)       contiki-sky.a(uart1.o) (msp430_add_lpm_req)
contiki-sky.a(clock.o)        contiki-sky.a(timer.o) (clock_time)
contiki-sky.a(leds.o)         obj_sky/contiki-sky-main.o (leds_init)
contiki-sky.a(leds-arch.o)    contiki-sky.a(leds.o) (leds_arch_init)
contiki-sky.a(watchdog.o)     obj_sky/contiki-sky-main.o (watchdog_start)
contiki-sky.a(rtimer-arch.o)  contiki-sky.a(rtimer.o) (rtimer_arch_init)
contiki-sky.a(frame802154.o)  contiki-sky.a(framer-802154.o) (frame802154_hdrlen)
contiki-sky.a(memb.o)         contiki-sky.a(queuebuf.o) (memb_init)
contiki-sky.a(spi.o)          contiki-sky.a(xmem.o) (spi_init)
/usr/lib/gcc/msp430/4.6.3/mmpy-16/libgcc.a(_udivmod16.o)
                              ELECTION.co (__udivhi3)
/usr/lib/gcc/msp430/4.6.3/mmpy-16/libgcc.a(_udivmod32.o)
                              obj_sky/contiki-sky-main.o (__udivsi3)
/usr/lib/gcc/msp430/4.6.3/mmpy-16/libgcc.a(_fixunssfsi.o)
                              ELECTION.co (__fixunssfsi)
/usr/lib/gcc/msp430/4.6.3/mmpy-16/libgcc.a(_addsub_sf.o)
                              ELECTION.co (__addsf3)
/usr/lib/gcc/msp430/4.6.3/mmpy-16/libgcc.a(_mul_sf.o)
                              ELECTION.co (__mulsf3)
/usr/lib/gcc/msp430/4.6.3/mmpy-16/libgcc.a(_div_sf.o)
                              ELECTION.co (__divsf3)
/usr/lib/gcc/msp430/4.6.3/mmpy-16/libgcc.a(_gt_sf.o)
                              ELECTION.co (__gtsf2)
/usr/lib/gcc/msp430/4.6.3/mmpy-16/libgcc.a(_ge_sf.o)
                              /usr/lib/gcc/msp430/4.6.3/mmpy-16/libgcc.a(_fixunssfsi.o) (__gesf2)
/usr/lib/gcc/msp430/4.6.3/mmpy-16/libgcc.a(_sf_to_si.o)
                              /usr/lib/gcc/msp430/4.6.3/mmpy-16/libgcc.a(_fixunssfsi.o) (__fixsfsi)
/usr/lib/gcc/msp430/4.6.3/mmpy-16/libgcc.a(_thenan_sf.o)
                              /usr/lib/gcc/msp430/4.6.3/mmpy-16/libgcc.a(_addsub_sf.o) (__thenan_sf)
/usr/lib/gcc/msp430/4.6.3/mmpy-16/libgcc.a(_usi_to_sf.o)
                              ELECTION.co (__floatunsisf)
/usr/lib/gcc/msp430/4.6.3/mmpy-16/libgcc.a(_clzsi2.o)
                              /usr/lib/gcc/msp430/4.6.3/mmpy-16/libgcc.a(_usi_to_sf.o) (__clzsi2)
[...]
Memory Configuration

Name             Origin             Length             Attributes
sfr              0x0000000000000000 0x0000000000000010
peripheral_8bit  0x0000000000000010 0x00000000000000f0
peripheral_16bit 0x0000000000000100 0x0000000000000100
ram_mirror       0x0000000000000200 0x0000000000000800 xw
infomem          0x0000000000001000 0x0000000000000100
infob            0x0000000000001000 0x0000000000000080
infoa            0x0000000000001080 0x0000000000000080
ram              0x0000000000001100 0x0000000000002800 xw
rom              0x0000000000004000 0x000000000000bfe0 xr
vectors          0x000000000000ffe0 0x0000000000000020
bsl              0x0000000000000000 0x0000000000000000
infoc            0x0000000000000000 0x0000000000000000
infod            0x0000000000000000 0x0000000000000000
ram2             0x0000000000000000 0x0000000000000000 xw
usbram           0x0000000000000000 0x0000000000000000 xw
far_rom          0x0000000000000000 0x0000000000000000
*default*        0x0000000000000000 0xffffffffffffffff

Linker script and memory map

LOAD /usr/lib/gcc/msp430/4.6.3/mmpy-16/crt0ivtbl16.o
LOAD ELECTION.co
LOAD obj_sky/contiki-sky-main.o
LOAD contiki-sky.a
LOAD /usr/lib/gcc/msp430/4.6.3/../../../../msp430/lib/mmpy-16/libm.a
LOAD /usr/lib/gcc/msp430/4.6.3/mmpy-16/libgcc.a
LOAD /usr/lib/gcc/msp430/4.6.3/../../../../msp430/lib/mmpy-16/libc.a
LOAD /usr/lib/gcc/msp430/4.6.3/mmpy-16/libgcc.a
LOAD /usr/lib/gcc/msp430/4.6.3/mmpy-16/libcrt0.a
                0x0000000000000080                PROVIDE (__info_segment_size, 0x80)
                0x0000000000001000                PROVIDE (__infob, 0x1000)
                0x0000000000001080                PROVIDE (__infoa, 0x1080)
                0x0000000000000000                __IE1 = 0x0
                0x0000000000000002                __IFG1 = 0x2
                0x0000000000000004                __ME1 = 0x4
                0x0000000000000001                __IE2 = 0x1
                0x0000000000000003                __IFG2 = 0x3
                0x0000000000000005                __ME2 = 0x5
                0x0000000000000120                __WDTCTL = 0x120
                0x0000000000000130                __MPY = 0x130
                0x0000000000000132                __MPYS = 0x132
                0x0000000000000134                __MAC = 0x134
                0x0000000000000136                __MACS = 0x136
                0x0000000000000138                __OP2 = 0x138
                0x000000000000013a                __RESLO = 0x13a
                0x000000000000013c                __RESHI = 0x13c
                0x000000000000013e                __SUMEXT = 0x13e
                0x0000000000000020                __P1IN = 0x20
                0x0000000000000021                __P1OUT = 0x21
                0x0000000000000022                __P1DIR = 0x22
                0x0000000000000023                __P1IFG = 0x23
                0x0000000000000024                __P1IES = 0x24
                0x0000000000000025                __P1IE = 0x25
                0x0000000000000026                __P1SEL = 0x26
                0x0000000000000028                __P2IN = 0x28
                0x0000000000000029                __P2OUT = 0x29
                0x000000000000002a                __P2DIR = 0x2a
                0x000000000000002b                __P2IFG = 0x2b
                0x000000000000002c                __P2IES = 0x2c
                0x000000000000002d                __P2IE = 0x2d
                0x000000000000002e                __P2SEL = 0x2e
                0x0000000000000018                __P3IN = 0x18
                0x0000000000000019                __P3OUT = 0x19
                0x000000000000001a                __P3DIR = 0x1a
                0x000000000000001b                __P3SEL = 0x1b
                0x000000000000001c                __P4IN = 0x1c
                0x000000000000001d                __P4OUT = 0x1d
                0x000000000000001e                __P4DIR = 0x1e
                0x000000000000001f                __P4SEL = 0x1f
                0x0000000000000030                __P5IN = 0x30
                0x0000000000000031                __P5OUT = 0x31
                0x0000000000000032                __P5DIR = 0x32
                0x0000000000000033                __P5SEL = 0x33
                0x0000000000000034                __P6IN = 0x34
                0x0000000000000035                __P6OUT = 0x35
                0x0000000000000036                __P6DIR = 0x36
                0x0000000000000037                __P6SEL = 0x37
                0x0000000000000070                __U0CTL = 0x70
                0x0000000000000071                __U0TCTL = 0x71
                0x0000000000000072                __U0RCTL = 0x72
                0x0000000000000073                __U0MCTL = 0x73
                0x0000000000000074                __U0BR0 = 0x74
                0x0000000000000075                __U0BR1 = 0x75
                0x0000000000000076                __U0RXBUF = 0x76
                0x0000000000000077                __U0TXBUF = 0x77
                0x0000000000000078                __U1CTL = 0x78
                0x0000000000000079                __U1TCTL = 0x79
                0x000000000000007a                __U1RCTL = 0x7a
                0x000000000000007b                __U1MCTL = 0x7b
                0x000000000000007c                __U1BR0 = 0x7c
                0x000000000000007d                __U1BR1 = 0x7d
                0x000000000000007e                __U1RXBUF = 0x7e
                0x000000000000007f                __U1TXBUF = 0x7f
                0x0000000000000050                __I2CIE = 0x50
                0x0000000000000051                __I2CIFG = 0x51
                0x0000000000000052                __I2CNDAT = 0x52
                0x0000000000000071                __I2CTCTL = 0x71
                0x0000000000000072                __I2CDCTL = 0x72
                0x0000000000000073                __I2CPSC = 0x73
                0x0000000000000074                __I2CSCLH = 0x74
                0x0000000000000075                __I2CSCLL = 0x75
                0x0000000000000076                __I2CDRB = 0x76
                0x0000000000000076                __I2CDRW = 0x76
                0x0000000000000118                __I2COA = 0x118
                0x000000000000011a                __I2CSA = 0x11a
                0x000000000000011c                __I2CIV = 0x11c
                0x000000000000012e                __TAIV = 0x12e
                0x0000000000000160                __TACTL = 0x160
                0x0000000000000162                __TACCTL0 = 0x162
                0x0000000000000164                __TACCTL1 = 0x164
                0x0000000000000166                __TACCTL2 = 0x166
                0x0000000000000170                __TAR = 0x170
                0x0000000000000172                __TACCR0 = 0x172
                0x0000000000000174                __TACCR1 = 0x174
                0x0000000000000176                __TACCR2 = 0x176
                0x000000000000011e                __TBIV = 0x11e
                0x0000000000000180                __TBCTL = 0x180
                0x0000000000000182                __TBCCTL0 = 0x182
                0x0000000000000184                __TBCCTL1 = 0x184
                0x0000000000000186                __TBCCTL2 = 0x186
                0x0000000000000188                __TBCCTL3 = 0x188
                0x000000000000018a                __TBCCTL4 = 0x18a
                0x000000000000018c                __TBCCTL5 = 0x18c
                0x000000000000018e                __TBCCTL6 = 0x18e
                0x0000000000000190                __TBR = 0x190
                0x0000000000000192                __TBCCR0 = 0x192
                0x0000000000000194                __TBCCR1 = 0x194
                0x0000000000000196                __TBCCR2 = 0x196
                0x0000000000000198                __TBCCR3 = 0x198
                0x000000000000019a                __TBCCR4 = 0x19a
                0x000000000000019c                __TBCCR5 = 0x19c
                0x000000000000019e                __TBCCR6 = 0x19e
                0x0000000000000056                __DCOCTL = 0x56
                0x0000000000000057                __BCSCTL1 = 0x57
                0x0000000000000058                __BCSCTL2 = 0x58
                0x0000000000000055                __SVSCTL = 0x55
                0x0000000000000128                __FCTL1 = 0x128
                0x000000000000012a                __FCTL2 = 0x12a
                0x000000000000012c                __FCTL3 = 0x12c
                0x0000000000000059                __CACTL1 = 0x59
                0x000000000000005a                __CACTL2 = 0x5a
                0x000000000000005b                __CAPD = 0x5b
                0x00000000000001a0                __ADC12CTL0 = 0x1a0
                0x00000000000001a2                __ADC12CTL1 = 0x1a2
                0x00000000000001a4                __ADC12IFG = 0x1a4
                0x00000000000001a6                __ADC12IE = 0x1a6
                0x00000000000001a8                __ADC12IV = 0x1a8
                0x0000000000000140                __ADC12MEM0 = 0x140
                0x0000000000000142                __ADC12MEM1 = 0x142
                0x0000000000000144                __ADC12MEM2 = 0x144
                0x0000000000000146                __ADC12MEM3 = 0x146
                0x0000000000000148                __ADC12MEM4 = 0x148
                0x000000000000014a                __ADC12MEM5 = 0x14a
                0x000000000000014c                __ADC12MEM6 = 0x14c
                0x000000000000014e                __ADC12MEM7 = 0x14e
                0x0000000000000150                __ADC12MEM8 = 0x150
                0x0000000000000152                __ADC12MEM9 = 0x152
                0x0000000000000154                __ADC12MEM10 = 0x154
                0x0000000000000156                __ADC12MEM11 = 0x156
                0x0000000000000158                __ADC12MEM12 = 0x158
                0x000000000000015a                __ADC12MEM13 = 0x15a
                0x000000000000015c                __ADC12MEM14 = 0x15c
                0x000000000000015e                __ADC12MEM15 = 0x15e
                0x0000000000000080                __ADC12MCTL0 = 0x80
                0x0000000000000081                __ADC12MCTL1 = 0x81
                0x0000000000000082                __ADC12MCTL2 = 0x82
                0x0000000000000083                __ADC12MCTL3 = 0x83
                0x0000000000000084                __ADC12MCTL4 = 0x84
                0x0000000000000085                __ADC12MCTL5 = 0x85
                0x0000000000000086                __ADC12MCTL6 = 0x86
                0x0000000000000087                __ADC12MCTL7 = 0x87
                0x0000000000000088                __ADC12MCTL8 = 0x88
                0x0000000000000089                __ADC12MCTL9 = 0x89
                0x000000000000008a                __ADC12MCTL10 = 0x8a
                0x000000000000008b                __ADC12MCTL11 = 0x8b
                0x000000000000008c                __ADC12MCTL12 = 0x8c
                0x000000000000008d                __ADC12MCTL13 = 0x8d
                0x000000000000008e                __ADC12MCTL14 = 0x8e
                0x000000000000008f                __ADC12MCTL15 = 0x8f
                0x00000000000001c0                __DAC12_0CTL = 0x1c0
                0x00000000000001c2                __DAC12_1CTL = 0x1c2
                0x00000000000001c8                __DAC12_0DAT = 0x1c8
                0x00000000000001ca                __DAC12_1DAT = 0x1ca
                0x0000000000000122                __DMACTL0 = 0x122
                0x0000000000000124                __DMACTL1 = 0x124
                0x00000000000001e0                __DMA0CTL = 0x1e0
                0x00000000000001e8                __DMA1CTL = 0x1e8
                0x00000000000001f0                __DMA2CTL = 0x1f0
                0x00000000000001e2                __DMA0SA = 0x1e2
                0x00000000000001e4                __DMA0DA = 0x1e4
                0x00000000000001e6                __DMA0SZ = 0x1e6
                0x00000000000001ea                __DMA1SA = 0x1ea
                0x00000000000001ec                __DMA1DA = 0x1ec
                0x00000000000001ee                __DMA1SZ = 0x1ee
                0x00000000000001f2                __DMA2SA = 0x1f2
                0x00000000000001f4                __DMA2DA = 0x1f4
                0x00000000000001f6                __DMA2SZ = 0x1f6

.hash
 *(.hash)

.dynsym
 *(.dynsym)

.dynstr
 *(.dynstr)

.gnu.version
 *(.gnu.version)

.gnu.version_d
 *(.gnu.version_d)

.gnu.version_r
 *(.gnu.version_r)

.rel.init
 *(.rel.init)

.rela.init
 *(.rela.init)

.rel.fini
 *(.rel.fini)

.rela.fini
 *(.rela.fini)

.rel.text
 *(.rel.text .rel.text.* .rel.gnu.linkonce.t.*)

.rela.text
 *(.rela.text .rela.text.* .rela.gnu.linkonce.t.*)

.rel.rodata
 *(.rel.rodata .rel.rodata.* .rel.gnu.linkonce.r.*)

.rela.rodata
 *(.rela.rodata .rela.rodata.* .rela.gnu.linkonce.r.*)

.rel.data
 *(.rel.data .rel.data.* .rel.gnu.linkonce.d.*)

.rela.data
 *(.rela.data .rela.data.* .rela.gnu.linkonce.d.*)

.rel.bss
 *(.rel.bss .rel.bss.* .rel.gnu.linkonce.b.*)

.rela.bss
 *(.rela.bss .rela.bss.* .rela.gnu.linkonce.b.*)

.rel.ctors
 *(.rel.ctors)

.rela.ctors
 *(.rela.ctors)

.rel.dtors
 *(.rel.dtors)

.rela.dtors
 *(.rela.dtors)

.rel.got
 *(.rel.got)

.rela.got
 *(.rela.got)

.rel.plt
 *(.rel.plt)

.rela.plt
 *(.rela.plt)

.text           0x0000000000004000     0x5534
                0x0000000000004000                . = ALIGN (0x2)
 *(.init .init.*)
 *(.init0)
 .init0         0x0000000000004000        0x0 /usr/lib/gcc/msp430/4.6.3/mmpy-16/libcrt0.a(_reset_vector__.o)
                0x0000000000004000                _reset_vector__
 *(.init1)
 .init1         0x0000000000004000        0xc /usr/lib/gcc/msp430/4.6.3/mmpy-16/libcrt0.a(__watchdog_support.o)
                0x0000000000004000                __watchdog_support
 *(.init2)
 .init2         0x000000000000400c        0x4 /usr/lib/gcc/msp430/4.6.3/mmpy-16/libcrt0.a(__init_stack.o)
                0x000000000000400c                __init_stack
 *(.init3)
 .init3         0x0000000000004010        0x0 /usr/lib/gcc/msp430/4.6.3/mmpy-16/libcrt0.a(__low_level_init.o)
                0x0000000000004010                __low_level_init
 *(.init4)
 .init4         0x0000000000004010       0x18 /usr/lib/gcc/msp430/4.6.3/mmpy-16/libcrt0.a(_copy_data.o)
                0x0000000000004010                __do_copy_data
 .init4         0x0000000000004028       0x16 /usr/lib/gcc/msp430/4.6.3/mmpy-16/libcrt0.a(_clear_bss.o)
                0x0000000000004028                __do_clear_bss
 *(.init5)
 *(.init6)
 *(.init7)
 *(.init8)
 *(.init9)
 .init9         0x000000000000403e      0x302 obj_sky/contiki-sky-main.o
                0x000000000000403e                main
 *(.fini9)
 .fini9         0x0000000000004340        0x0 /usr/lib/gcc/msp430/4.6.3/mmpy-16/libcrt0.a(__stop_progExec__.o)
                0x0000000000004340                __stop_progExec__
 *(.fini8)
 *(.fini7)
 *(.fini6)
 *(.fini5)
 *(.fini4)
 *(.fini3)
 *(.fini2)
 *(.fini1)
 *(.fini0)
 .fini0         0x0000000000004340        0x6 /usr/lib/gcc/msp430/4.6.3/mmpy-16/libcrt0.a(_endless_loop__.o)
                0x0000000000004340                _endless_loop__
 *(.fini .fini.*)
                0x0000000000004346                . = ALIGN (0x2)
                0x0000000000004346                __ctors_start = .
 *(.ctors)
                0x0000000000004346                __ctors_end = .
                0x0000000000004346                __dtors_start = .
 *(.dtors)
                0x0000000000004346                __dtors_end = .
                0x0000000000004346                . = ALIGN (0x2)
 *(.text .text.* .gnu.linkonce.t.*)
 .text          0x0000000000004346        0x4 /usr/lib/gcc/msp430/4.6.3/mmpy-16/crt0ivtbl16.o
                0x0000000000004346                __isr_14
                0x0000000000004346                __isr_11
                0x0000000000004346                __isr_2
                0x0000000000004346                __isr_7
                0x0000000000004346                __isr_0
                0x0000000000004346                __isr_8
                0x0000000000004346                __isr_3
                0x0000000000004346                __isr_12
                0x0000000000004346                __isr_13
                0x0000000000004346                __isr_9
 .text.process_thread_example_desync_process
                0x000000000000434a      0x170 ELECTION.co
 .text.IAmSync  0x00000000000044ba       0x20 ELECTION.co
 .text.processElectionVote
                0x00000000000044da       0x3c ELECTION.co
 .text.RadioPowered
                0x0000000000004516       0x14 ELECTION.co
 .text.ListenCallback
                0x000000000000452a       0x2e ELECTION.co
 .text.ReceiverOnNextCallback
                0x0000000000004558       0x2a ELECTION.co
 .text.ReceiverOffNextCallback
                0x0000000000004582       0x52 ELECTION.co
 .text.ReceiverOnPrevCallback
                0x00000000000045d4       0x2a ELECTION.co
 .text.ReceiverOffPrevCallback
                0x00000000000045fe       0x4c ELECTION.co
 .text.broadcast_recv
                0x000000000000464a      0x1ec ELECTION.co
 .text.NodesInChannel
                0x0000000000004836       0x50 ELECTION.co
                0x0000000000004836                NodesInChannel
 .text.FireCallback
                0x0000000000004886      0x338 ELECTION.co
 .text.rimeaddr_copy
                0x0000000000004bbe        0xc contiki-sky.a(rimeaddr.o)
                0x0000000000004bbe                rimeaddr_copy
 .text.rimeaddr_cmp
                0x0000000000004bca       0x12 contiki-sky.a(rimeaddr.o)
                0x0000000000004bca                rimeaddr_cmp
 .text.rimeaddr_set_node_addr
                0x0000000000004bdc        0xc contiki-sky.a(rimeaddr.o)
                0x0000000000004bdc                rimeaddr_set_node_addr
 .text.input    0x0000000000004be8       0x3a contiki-sky.a(rime.o)
 .text.init     0x0000000000004c22       0x2e contiki-sky.a(rime.o)
 .text.packet_sent
                0x0000000000004c50       0x44 contiki-sky.a(rime.o)
 .text.rime_output
                0x0000000000004c94       0x24 contiki-sky.a(rime.o)
                0x0000000000004c94                rime_output
 .text.announcement_init
                0x0000000000004cb8        0xa contiki-sky.a(announcement.o)
                0x0000000000004cb8                announcement_init
 .text.announcement_register_observer_callback
                0x0000000000004cc2        0x6 contiki-sky.a(announcement.o)
                0x0000000000004cc2                announcement_register_observer_callback
 .text.announcement_list
                0x0000000000004cc8        0xa contiki-sky.a(announcement.o)
                0x0000000000004cc8                announcement_list
 .text.announcement_heard
                0x0000000000004cd2       0x42 contiki-sky.a(announcement.o)
                0x0000000000004cd2                announcement_heard
 .text.adv_packet_sent
                0x0000000000004d14        0x2 contiki-sky.a(broadcast-annou)
 .text.adv_packet_received
                0x0000000000004d16       0x66 contiki-sky.a(broadcast-annou)
 .text.set_timers
                0x0000000000004d7c       0x4a contiki-sky.a(broadcast-annou)
 .text.send_timer
                0x0000000000004dc6       0x36 contiki-sky.a(broadcast-annou)
 .text.new_announcement
                0x0000000000004dfc       0x18 contiki-sky.a(broadcast-annou)
 .text.send_adv
                0x0000000000004e14       0x66 contiki-sky.a(broadcast-annou)
 .text.broadcast_announcement_init
                0x0000000000004e7a       0x48 contiki-sky.a(broadcast-annou)
                0x0000000000004e7a                broadcast_announcement_init
 .text.sent_by_abc
                0x0000000000004ec2       0x10 contiki-sky.a(broadcast.o)
 .text.recv_from_abc
                0x0000000000004ed2       0x26 contiki-sky.a(broadcast.o)
 .text.broadcast_open
                0x0000000000004ef8       0x2a contiki-sky.a(broadcast.o)
                0x0000000000004ef8                broadcast_open
 .text.broadcast_close
                0x0000000000004f22        0x6 contiki-sky.a(broadcast.o)
                0x0000000000004f22                broadcast_close
 .text.broadcast_send
                0x0000000000004f28       0x1a contiki-sky.a(broadcast.o)
                0x0000000000004f28                broadcast_send
 .text.abc_open
                0x0000000000004f42       0x26 contiki-sky.a(abc.o)
                0x0000000000004f42                abc_open
 .text.abc_close
                0x0000000000004f68        0x6 contiki-sky.a(abc.o)
                0x0000000000004f68                abc_close
 .text.abc_send
                0x0000000000004f6e        0x6 contiki-sky.a(abc.o)
                0x0000000000004f6e                abc_send
 .text.abc_input
                0x0000000000004f74        0xe contiki-sky.a(abc.o)
                0x0000000000004f74                abc_input
 .text.abc_sent
                0x0000000000004f82       0x10 contiki-sky.a(abc.o)
                0x0000000000004f82                abc_sent
 .text.chameleon_init
                0x0000000000004f92        0x6 contiki-sky.a(chameleon.o)
                0x0000000000004f92                chameleon_init
 .text.chameleon_parse
                0x0000000000004f98       0x10 contiki-sky.a(chameleon.o)
                0x0000000000004f98                chameleon_parse
 .text.chameleon_create
                0x0000000000004fa8       0x1c contiki-sky.a(chameleon.o)
                0x0000000000004fa8                chameleon_create
 .text.chameleon_hdrsize
                0x0000000000004fc4        0x6 contiki-sky.a(chameleon.o)
                0x0000000000004fc4                chameleon_hdrsize
 .text.channel_init
                0x0000000000004fca        0xa contiki-sky.a(channel.o)
                0x0000000000004fca                channel_init
 .text.channel_open
                0x0000000000004fd4       0x10 contiki-sky.a(channel.o)
                0x0000000000004fd4                channel_open
 .text.channel_close
                0x0000000000004fe4        0xc contiki-sky.a(channel.o)
                0x0000000000004fe4                channel_close
 .text.channel_lookup
                0x0000000000004ff0       0x20 contiki-sky.a(channel.o)
                0x0000000000004ff0                channel_lookup
 .text.channel_set_attributes
                0x0000000000005010       0x24 contiki-sky.a(channel.o)
                0x0000000000005010                channel_set_attributes
 .text.header_size
                0x0000000000005034       0x16 contiki-sky.a(chameleon-bitop)
 .text.get_bits_in_byte
                0x000000000000504a       0x3a contiki-sky.a(chameleon-bitop)
                0x000000000000504a                get_bits_in_byte
 .text.get_bits
                0x0000000000005084       0xa4 contiki-sky.a(chameleon-bitop)
                0x0000000000005084                get_bits
 .text.unpack_header
                0x0000000000005128       0xd6 contiki-sky.a(chameleon-bitop)
 .text.set_bits_in_byte
                0x00000000000051fe       0x2c contiki-sky.a(chameleon-bitop)
                0x00000000000051fe                set_bits_in_byte
 .text.set_bits
                0x000000000000522a       0xd2 contiki-sky.a(chameleon-bitop)
                0x000000000000522a                set_bits
 .text.pack_header
                0x00000000000052fc       0xbc contiki-sky.a(chameleon-bitop)
 .text.send_packet
                0x00000000000053b8        0x6 contiki-sky.a(nullmac.o)
 .text.packet_input
                0x00000000000053be        0x6 contiki-sky.a(nullmac.o)
 .text.on       0x00000000000053c4        0x6 contiki-sky.a(nullmac.o)
 .text.off      0x00000000000053ca        0x6 contiki-sky.a(nullmac.o)
 .text.channel_check_interval
                0x00000000000053d0        0x4 contiki-sky.a(nullmac.o)
 .text.init     0x00000000000053d4        0x2 contiki-sky.a(nullmac.o)
 .text.on       0x00000000000053d6        0x6 contiki-sky.a(nullrdc.o)
 .text.channel_check_interval
                0x00000000000053dc        0x4 contiki-sky.a(nullrdc.o)
 .text.init     0x00000000000053e0        0x6 contiki-sky.a(nullrdc.o)
 .text.send_one_packet
                0x00000000000053e6       0x6a contiki-sky.a(nullrdc.o)
 .text.send_list
                0x0000000000005450       0x30 contiki-sky.a(nullrdc.o)
 .text.send_packet
                0x0000000000005480        0x6 contiki-sky.a(nullrdc.o)
 .text.off      0x0000000000005486       0x10 contiki-sky.a(nullrdc.o)
 .text.packet_input
                0x0000000000005496       0x36 contiki-sky.a(nullrdc.o)
 .text.mac_call_sent_callback
                0x00000000000054cc       0x14 contiki-sky.a(mac.o)
                0x00000000000054cc                mac_call_sent_callback
 .text.parse    0x00000000000054e0       0xaa contiki-sky.a(framer-802154.o)
 .text.create   0x000000000000558a      0x10a contiki-sky.a(framer-802154.o)
 .text.call_process
                0x0000000000005694       0x4a contiki-sky.a(process.o)
 .text.exit_process
                0x00000000000056de       0x96 contiki-sky.a(process.o)
 .text.do_poll  0x0000000000005774       0x30 contiki-sky.a(process.o)
 .text.process_alloc_event
                0x00000000000057a4        0xe contiki-sky.a(process.o)
                0x00000000000057a4                process_alloc_event
 .text.process_init
                0x00000000000057b2       0x1c contiki-sky.a(process.o)
                0x00000000000057b2                process_init
 .text.process_run
                0x00000000000057ce       0xa2 contiki-sky.a(process.o)
                0x00000000000057ce                process_run
 .text.process_nevents
                0x0000000000005870        0xe contiki-sky.a(process.o)
                0x0000000000005870                process_nevents
 .text.process_post
                0x000000000000587e       0x54 contiki-sky.a(process.o)
                0x000000000000587e                process_post
 .text.process_post_synch
                0x00000000000058d2       0x12 contiki-sky.a(process.o)
                0x00000000000058d2                process_post_synch
 .text.process_start
                0x00000000000058e4       0x32 contiki-sky.a(process.o)
                0x00000000000058e4                process_start
 .text.process_poll
                0x0000000000005916       0x18 contiki-sky.a(process.o)
                0x0000000000005916                process_poll
 .text.autostart_start
                0x000000000000592e       0x16 contiki-sky.a(autostart.o)
                0x000000000000592e                autostart_start
 .text.process_thread_serial_line_process
                0x0000000000005944       0x9c contiki-sky.a(serial-line.o)
 .text.serial_line_input_byte
                0x00000000000059e0       0x4a contiki-sky.a(serial-line.o)
                0x00000000000059e0                serial_line_input_byte
 .text.serial_line_init
                0x0000000000005a2a       0x1c contiki-sky.a(serial-line.o)
                0x0000000000005a2a                serial_line_init
 .text.timer_set
                0x0000000000005a46       0x1c contiki-sky.a(timer.o)
                0x0000000000005a46                timer_set
 .text.timer_reset
                0x0000000000005a62        0xe contiki-sky.a(timer.o)
                0x0000000000005a62                timer_reset
 .text.timer_expired
                0x0000000000005a70       0x2a contiki-sky.a(timer.o)
                0x0000000000005a70                timer_expired
 .text.list_init
                0x0000000000005a9a        0x6 contiki-sky.a(list.o)
                0x0000000000005a9a                list_init
 .text.list_head
                0x0000000000005aa0        0x4 contiki-sky.a(list.o)
                0x0000000000005aa0                list_head
 .text.list_tail
                0x0000000000005aa4       0x12 contiki-sky.a(list.o)
                0x0000000000005aa4                list_tail
 .text.list_remove
                0x0000000000005ab6       0x34 contiki-sky.a(list.o)
                0x0000000000005ab6                list_remove
 .text.list_add
                0x0000000000005aea       0x2a contiki-sky.a(list.o)
                0x0000000000005aea                list_add
 .text.list_item_next
                0x0000000000005b14        0xc contiki-sky.a(list.o)
                0x0000000000005b14                list_item_next
 .text.update_time
                0x0000000000005b20       0x78 contiki-sky.a(etimer.o)
 .text.etimer_request_poll
                0x0000000000005b98        0xa contiki-sky.a(etimer.o)
                0x0000000000005b98                etimer_request_poll
 .text.process_thread_etimer_process
                0x0000000000005ba2       0xc8 contiki-sky.a(etimer.o)
 .text.add_timer
                0x0000000000005c6a       0x40 contiki-sky.a(etimer.o)
 .text.etimer_set
                0x0000000000005caa       0x12 contiki-sky.a(etimer.o)
                0x0000000000005caa                etimer_set
 .text.etimer_reset
                0x0000000000005cbc       0x12 contiki-sky.a(etimer.o)
                0x0000000000005cbc                etimer_reset
 .text.etimer_pending
                0x0000000000005cce        0xc contiki-sky.a(etimer.o)
                0x0000000000005cce                etimer_pending
 .text.etimer_next_expiration_time
                0x0000000000005cda       0x16 contiki-sky.a(etimer.o)
                0x0000000000005cda                etimer_next_expiration_time
 .text.process_thread_ctimer_process
                0x0000000000005cf0       0xa4 contiki-sky.a(ctimer.o)
 .text.ctimer_init
                0x0000000000005d94       0x18 contiki-sky.a(ctimer.o)
                0x0000000000005d94                ctimer_init
 .text.ctimer_set
                0x0000000000005dac       0x5a contiki-sky.a(ctimer.o)
                0x0000000000005dac                ctimer_set
 .text.ctimer_reset
                0x0000000000005e06       0x3a contiki-sky.a(ctimer.o)
                0x0000000000005e06                ctimer_reset
 .text.energest_init
                0x0000000000005e40       0x28 contiki-sky.a(energest.o)
                0x0000000000005e40                energest_init
 .text.energest_type_time
                0x0000000000005e68       0x46 contiki-sky.a(energest.o)
                0x0000000000005e68                energest_type_time
 .text.energest_type_set
                0x0000000000005eae        0xe contiki-sky.a(energest.o)
                0x0000000000005eae                energest_type_set
 .text.energest_flush
                0x0000000000005ebc       0x48 contiki-sky.a(energest.o)
                0x0000000000005ebc                energest_flush
 .text.rtimer_init
                0x0000000000005f04        0x6 contiki-sky.a(rtimer.o)
                0x0000000000005f04                rtimer_init
 .text.rtimer_set
                0x0000000000005f0a       0x1c contiki-sky.a(rtimer.o)
                0x0000000000005f0a                rtimer_set
 .text.rtimer_run_next
                0x0000000000005f26       0x26 contiki-sky.a(rtimer.o)
                0x0000000000005f26                rtimer_run_next
 .text.random_init
                0x0000000000005f4c        0x6 contiki-sky.a(random.o)
                0x0000000000005f4c                random_init
 .text.random_rand
                0x0000000000005f52        0x6 contiki-sky.a(random.o)
                0x0000000000005f52                random_rand
 .text.ringbuf_init
                0x0000000000005f58       0x14 contiki-sky.a(ringbuf.o)
                0x0000000000005f58                ringbuf_init
 .text.ringbuf_put
                0x0000000000005f6c       0x38 contiki-sky.a(ringbuf.o)
                0x0000000000005f6c                ringbuf_put
 .text.ringbuf_get
                0x0000000000005fa4       0x32 contiki-sky.a(ringbuf.o)
                0x0000000000005fa4                ringbuf_get
 .text.packetbuf_hdrreduce
                0x0000000000005fd6       0x1a contiki-sky.a(packetbuf.o)
                0x0000000000005fd6                packetbuf_hdrreduce
 .text.packetbuf_set_datalen
                0x0000000000005ff0        0x6 contiki-sky.a(packetbuf.o)
                0x0000000000005ff0                packetbuf_set_datalen
 .text.packetbuf_dataptr
                0x0000000000005ff6        0xe contiki-sky.a(packetbuf.o)
                0x0000000000005ff6                packetbuf_dataptr
 .text.packetbuf_hdrptr
                0x0000000000006004        0xa contiki-sky.a(packetbuf.o)
                0x0000000000006004                packetbuf_hdrptr
 .text.packetbuf_is_reference
                0x000000000000600e        0xe contiki-sky.a(packetbuf.o)
                0x000000000000600e                packetbuf_is_reference
 .text.packetbuf_compact
                0x000000000000601c       0x48 contiki-sky.a(packetbuf.o)
                0x000000000000601c                packetbuf_compact
 .text.packetbuf_datalen
                0x0000000000006064        0x6 contiki-sky.a(packetbuf.o)
                0x0000000000006064                packetbuf_datalen
 .text.packetbuf_totlen
                0x000000000000606a       0x10 contiki-sky.a(packetbuf.o)
                0x000000000000606a                packetbuf_totlen
 .text.packetbuf_hdralloc
                0x000000000000607a       0x2e contiki-sky.a(packetbuf.o)
                0x000000000000607a                packetbuf_hdralloc
 .text.packetbuf_attr_clear
                0x00000000000060a8       0x2c contiki-sky.a(packetbuf.o)
                0x00000000000060a8                packetbuf_attr_clear
 .text.packetbuf_clear
                0x00000000000060d4       0x1a contiki-sky.a(packetbuf.o)
                0x00000000000060d4                packetbuf_clear
 .text.packetbuf_copyfrom
                0x00000000000060ee       0x2e contiki-sky.a(packetbuf.o)
                0x00000000000060ee                packetbuf_copyfrom
 .text.packetbuf_attr_copyfrom
                0x000000000000611c       0x22 contiki-sky.a(packetbuf.o)
                0x000000000000611c                packetbuf_attr_copyfrom
 .text.queuebuf_init
                0x000000000000613e       0x1a contiki-sky.a(queuebuf.o)
                0x000000000000613e                queuebuf_init
 .text.queuebuf_to_packetbuf
                0x0000000000006158       0x6e contiki-sky.a(queuebuf.o)
                0x0000000000006158                queuebuf_to_packetbuf
 .text.init_platform
                0x00000000000061c6        0xc contiki-sky.a(contiki-sky-pla)
                0x00000000000061c6                init_platform
 .text.status   0x00000000000061d2       0x16 contiki-sky.a(button-sensor.o)
 .text.configure
                0x00000000000061e8       0x52 contiki-sky.a(button-sensor.o)
 .text.value    0x000000000000623a       0x22 contiki-sky.a(button-sensor.o)
 .text.irq_p2   0x000000000000625c       0x8a contiki-sky.a(button-sensor.o)
                0x000000000000625c                irq_p2
                0x000000000000625c                __isr_1
 .text.owreadb  0x00000000000062e6       0x52 contiki-sky.a(ds2411.o)
 .text.ds2411_init
                0x0000000000006338      0x122 contiki-sky.a(ds2411.o)
                0x0000000000006338                ds2411_init
 .text.wait_ready
                0x000000000000645a       0x50 contiki-sky.a(xmem.o)
 .text.xmem_init
                0x00000000000064aa       0x3e contiki-sky.a(xmem.o)
                0x00000000000064aa                xmem_init
 .text.xmem_pread
                0x00000000000064e8       0xea contiki-sky.a(xmem.o)
                0x00000000000064e8                xmem_pread
 .text.node_id_restore
                0x00000000000065d2       0x38 contiki-sky.a(node-id.o)
                0x00000000000065d2                node_id_restore
 .text.process_thread_sensors_process
                0x000000000000660a       0xbe contiki-sky.a(sensors.o)
 .text.sensors_changed
                0x00000000000066c8       0x2a contiki-sky.a(sensors.o)
                0x00000000000066c8                sensors_changed
 .text.strobe   0x00000000000066f2       0x20 contiki-sky.a(cc2420.o)
 .text.status   0x0000000000006712       0x26 contiki-sky.a(cc2420.o)
 .text.getreg   0x0000000000006738       0x54 contiki-sky.a(cc2420.o)
 .text.setreg   0x000000000000678c       0x52 contiki-sky.a(cc2420.o)
 .text.set_txpower
                0x00000000000067de       0x26 contiki-sky.a(cc2420.o)
 .text.cc2420_receiving_packet
                0x0000000000006804        0xe contiki-sky.a(cc2420.o)
 .text.pending_packet
                0x0000000000006812        0x8 contiki-sky.a(cc2420.o)
 .text.on       0x000000000000681a       0x40 contiki-sky.a(cc2420.o)
 .text.flushrx  0x000000000000685a       0x7a contiki-sky.a(cc2420.o)
 .text.off      0x00000000000068d4       0x72 contiki-sky.a(cc2420.o)
 .text.RELEASE_LOCK
                0x0000000000006946       0x28 contiki-sky.a(cc2420.o)
 .text.cc2420_prepare
                0x000000000000696e       0x8a contiki-sky.a(cc2420.o)
 .text.getrxdata
                0x00000000000069f8       0x56 contiki-sky.a(cc2420.o)
 .text.cc2420_on
                0x0000000000006a4e       0x22 contiki-sky.a(cc2420.o)
                0x0000000000006a4e                cc2420_on
 .text.cc2420_off
                0x0000000000006a70       0x30 contiki-sky.a(cc2420.o)
                0x0000000000006a70                cc2420_off
 .text.cc2420_cca
                0x0000000000006aa0       0x74 contiki-sky.a(cc2420.o)
 .text.cc2420_read
                0x0000000000006b14       0xe6 contiki-sky.a(cc2420.o)
 .text.process_thread_cc2420_process
                0x0000000000006bfa       0x50 contiki-sky.a(cc2420.o)
 .text.cc2420_get_channel
                0x0000000000006c4a        0x6 contiki-sky.a(cc2420.o)
                0x0000000000006c4a                cc2420_get_channel
 .text.cc2420_set_channel
                0x0000000000006c50       0x78 contiki-sky.a(cc2420.o)
                0x0000000000006c50                cc2420_set_channel
 .text.cc2420_set_pan_addr
                0x0000000000006cc8      0x14a contiki-sky.a(cc2420.o)
                0x0000000000006cc8                cc2420_set_pan_addr
 .text.cc2420_init
                0x0000000000006e12       0xd0 contiki-sky.a(cc2420.o)
                0x0000000000006e12                cc2420_init
 .text.cc2420_interrupt
                0x0000000000006ee2       0x20 contiki-sky.a(cc2420.o)
                0x0000000000006ee2                cc2420_interrupt
 .text.cc2420_get_txpower
                0x0000000000006f02       0x1e contiki-sky.a(cc2420.o)
                0x0000000000006f02                cc2420_get_txpower
 .text.cc2420_transmit
                0x0000000000006f20      0x17a contiki-sky.a(cc2420.o)
 .text.cc2420_send
                0x000000000000709a       0x12 contiki-sky.a(cc2420.o)
 .text.cc2420_port1_interrupt
                0x00000000000070ac       0x62 contiki-sky.a(cc2420-arch.o)
                0x00000000000070ac                __isr_4
                0x00000000000070ac                cc2420_port1_interrupt
 .text.cc2420_arch_init
                0x000000000000710e       0x1a contiki-sky.a(cc2420-arch.o)
                0x000000000000710e                cc2420_arch_init
 .text.handle_rxdma_timer
                0x0000000000007128       0x3a contiki-sky.a(uart1.o)
 .text.uart1_active
                0x0000000000007162       0x1a contiki-sky.a(uart1.o)
                0x0000000000007162                uart1_active
 .text.uart1_set_input
                0x000000000000717c       0x20 contiki-sky.a(uart1.o)
                0x000000000000717c                uart1_set_input
 .text.uart1_writeb
                0x000000000000719c       0x1a contiki-sky.a(uart1.o)
                0x000000000000719c                uart1_writeb
 .text.uart1_init
                0x00000000000071b6       0xf6 contiki-sky.a(uart1.o)
                0x00000000000071b6                uart1_init
 .text.putchar  0x00000000000072ac       0x10 contiki-sky.a(uart1-putchar.o)
                0x00000000000072ac                putchar
 .text.msp430_init_dco
                0x00000000000072bc       0x84 contiki-sky.a(msp430.o)
                0x00000000000072bc                msp430_init_dco
 .text.msp430_add_lpm_req
                0x0000000000007340        0xc contiki-sky.a(msp430.o)
                0x0000000000007340                msp430_add_lpm_req
 .text.msp430_cpu_init
                0x000000000000734c       0x2a contiki-sky.a(msp430.o)
                0x000000000000734c                msp430_cpu_init
 .text.splhigh_
                0x0000000000007376        0x8 contiki-sky.a(msp430.o)
                0x0000000000007376                splhigh_
 .text.msp430_sync_dco
                0x000000000000737e       0x68 contiki-sky.a(msp430.o)
                0x000000000000737e                msp430_sync_dco
 .text.timera1  0x00000000000073e6       0xfe contiki-sky.a(clock.o)
                0x00000000000073e6                __isr_5
                0x00000000000073e6                timera1
 .text.clock_time
                0x00000000000074e4       0x1a contiki-sky.a(clock.o)
                0x00000000000074e4                clock_time
 .text.clock_init
                0x00000000000074fe       0x28 contiki-sky.a(clock.o)
                0x00000000000074fe                clock_init
 .text.clock_delay
                0x0000000000007526        0xc contiki-sky.a(clock.o)
                0x0000000000007526                clock_delay
 .text.show_leds
                0x0000000000007532      0x100 contiki-sky.a(leds.o)
 .text.leds_init
                0x0000000000007632        0xe contiki-sky.a(leds.o)
                0x0000000000007632                leds_init
 .text.leds_on  0x0000000000007640       0x14 contiki-sky.a(leds.o)
                0x0000000000007640                leds_on
 .text.leds_off
                0x0000000000007654       0x14 contiki-sky.a(leds.o)
                0x0000000000007654                leds_off
 .text.leds_arch_init
                0x0000000000007668        0xe contiki-sky.a(leds-arch.o)
                0x0000000000007668                leds_arch_init
 .text.leds_arch_set
                0x0000000000007676       0x3a contiki-sky.a(leds-arch.o)
                0x0000000000007676                leds_arch_set
 .text.watchdog_interrupt
                0x00000000000076b0        0x6 contiki-sky.a(watchdog.o)
                0x00000000000076b0                __isr_10
                0x00000000000076b0                watchdog_interrupt
 .text.watchdog_start
                0x00000000000076b6       0x14 contiki-sky.a(watchdog.o)
                0x00000000000076b6                watchdog_start
 .text.watchdog_periodic
                0x00000000000076ca       0x12 contiki-sky.a(watchdog.o)
                0x00000000000076ca                watchdog_periodic
 .text.watchdog_stop
                0x00000000000076dc       0x16 contiki-sky.a(watchdog.o)
                0x00000000000076dc                watchdog_stop
 .text.watchdog_init
                0x00000000000076f2       0x14 contiki-sky.a(watchdog.o)
                0x00000000000076f2                watchdog_init
 .text.rtimer_arch_init
                0x0000000000007706        0xe contiki-sky.a(rtimer-arch.o)
                0x0000000000007706                rtimer_arch_init
 .text.rtimer_arch_now
                0x0000000000007714        0xe contiki-sky.a(rtimer-arch.o)
                0x0000000000007714                rtimer_arch_now
 .text.timera0  0x0000000000007722       0x70 contiki-sky.a(rtimer-arch.o)
                0x0000000000007722                __isr_6
                0x0000000000007722                timera0
 .text.rtimer_arch_schedule
                0x0000000000007792        0x6 contiki-sky.a(rtimer-arch.o)
                0x0000000000007792                rtimer_arch_schedule
 .text.field_len
                0x0000000000007798       0x98 contiki-sky.a(frame802154.o)
 .text.frame802154_hdrlen
                0x0000000000007830       0x2e contiki-sky.a(frame802154.o)
                0x0000000000007830                frame802154_hdrlen
 .text.frame802154_create
                0x000000000000785e      0x172 contiki-sky.a(frame802154.o)
                0x000000000000785e                frame802154_create
 .text.frame802154_parse
                0x00000000000079d0      0x1e8 contiki-sky.a(frame802154.o)
                0x00000000000079d0                frame802154_parse
 .text.memb_init
                0x0000000000007bb8       0x36 contiki-sky.a(memb.o)
                0x0000000000007bb8                memb_init
 .text.memb_inmemb
                0x0000000000007bee       0x2e contiki-sky.a(memb.o)
                0x0000000000007bee                memb_inmemb
 .text.spi_init
                0x0000000000007c1c       0x32 contiki-sky.a(spi.o)
                0x0000000000007c1c                spi_init
 .text.libgcc   0x0000000000007c4e       0x22 /usr/lib/gcc/msp430/4.6.3/mmpy-16/libgcc.a(_udivmod16.o)
                0x0000000000007c4e                __udivhi3
                0x0000000000007c4e                __ext_udivmod16
                0x0000000000007c68                __umodhi3
 .text.libgcc   0x0000000000007c70       0x40 /usr/lib/gcc/msp430/4.6.3/mmpy-16/libgcc.a(_udivmod32.o)
                0x0000000000007c70                __udivsi3
                0x0000000000007c70                __ext_udivmod32
                0x0000000000007ca6                __umodsi3
 .text          0x0000000000007cb0       0x42 /usr/lib/gcc/msp430/4.6.3/mmpy-16/libgcc.a(_fixunssfsi.o)
                0x0000000000007cb0                __fixunssfsi
 .text          0x0000000000007cf2      0x32e /usr/lib/gcc/msp430/4.6.3/mmpy-16/libgcc.a(_addsub_sf.o)
                0x0000000000007f84                __addsf3
                0x0000000000007fd0                __subsf3
 .text          0x0000000000008020      0x224 /usr/lib/gcc/msp430/4.6.3/mmpy-16/libgcc.a(_mul_sf.o)
                0x0000000000008020                __mulsf3
 .text          0x0000000000008244      0x150 /usr/lib/gcc/msp430/4.6.3/mmpy-16/libgcc.a(_div_sf.o)
                0x0000000000008244                __divsf3
 .text          0x0000000000008394       0x50 /usr/lib/gcc/msp430/4.6.3/mmpy-16/libgcc.a(_gt_sf.o)
                0x0000000000008394                __gtsf2
 .text          0x00000000000083e4       0x50 /usr/lib/gcc/msp430/4.6.3/mmpy-16/libgcc.a(_ge_sf.o)
                0x00000000000083e4                __gesf2
 .text          0x0000000000008434       0x90 /usr/lib/gcc/msp430/4.6.3/mmpy-16/libgcc.a(_sf_to_si.o)
                0x0000000000008434                __fixsfsi
 .text          0x00000000000084c4       0xe2 /usr/lib/gcc/msp430/4.6.3/mmpy-16/libgcc.a(_usi_to_sf.o)
                0x00000000000084c4                __floatunsisf
 .text          0x00000000000085a6       0x72 /usr/lib/gcc/msp430/4.6.3/mmpy-16/libgcc.a(_clzsi2.o)
                0x00000000000085a6                __clzsi2
 .text          0x0000000000008618      0x1de /usr/lib/gcc/msp430/4.6.3/mmpy-16/libgcc.a(_pack_sf.o)
                0x0000000000008618                __pack_f
 .text          0x00000000000087f6      0x124 /usr/lib/gcc/msp430/4.6.3/mmpy-16/libgcc.a(_unpack_sf.o)
                0x00000000000087f6                __unpack_f
 .text          0x000000000000891a       0xa4 /usr/lib/gcc/msp430/4.6.3/mmpy-16/libgcc.a(_fpcmp_parts_sf.o)
                0x000000000000891a                __fpcmp_parts_f
 .text          0x00000000000089be       0x20 /usr/lib/gcc/msp430/4.6.3/../../../../msp430/lib/mmpy-16/libc.a(memcmp.o)
                0x00000000000089be                memcmp
 .text          0x00000000000089de       0xfa /usr/lib/gcc/msp430/4.6.3/../../../../msp430/lib/mmpy-16/libc.a(memcpy.o)
                0x00000000000089de                memcpy
 .text          0x0000000000008ad8       0x6a /usr/lib/gcc/msp430/4.6.3/../../../../msp430/lib/mmpy-16/libc.a(memset.o)
                0x0000000000008ad8                memset
 .text          0x0000000000008b42       0x1e /usr/lib/gcc/msp430/4.6.3/../../../../msp430/lib/mmpy-16/libc.a(printf.o)
                0x0000000000008b42                printf
                0x0000000000008b52                vprintf
 .text          0x0000000000008b60      0x836 /usr/lib/gcc/msp430/4.6.3/../../../../msp430/lib/mmpy-16/libc.a(vuprintf.o)
                0x0000000000008cf8                vuprintf
 .text          0x0000000000009396       0x2c /usr/lib/gcc/msp430/4.6.3/../../../../msp430/lib/mmpy-16/libc.a(puts.o)
                0x0000000000009396                puts
 .text          0x00000000000093c2       0x54 /usr/lib/gcc/msp430/4.6.3/../../../../msp430/lib/mmpy-16/libc.a(rand.o)
                0x00000000000093c2                rand_r
                0x00000000000093e6                rand
                0x000000000000940c                srand
 .text.libgcc   0x0000000000009416       0x2c /usr/lib/gcc/msp430/4.6.3/mmpy-16/libgcc.a(_mulsi3.o)
                0x0000000000009416                __mulsi3
 .text.libgcc   0x0000000000009442       0xf0 /usr/lib/gcc/msp430/4.6.3/mmpy-16/libgcc.a(_udivmod64.o)
                0x0000000000009442                __xabi_udivmod64
                0x00000000000094a0                __udivdi3
                0x00000000000094c6                __umoddi3
                0x00000000000094f4                __udivmoddi4
 .text.crt0     0x0000000000009532        0x2 /usr/lib/gcc/msp430/4.6.3/mmpy-16/libcrt0.a(_unexpected_.o)
                0x0000000000009532                _unexpected_
                0x0000000000009534                . = ALIGN (0x2)

.rodata         0x0000000000009534      0x410
                0x0000000000009534                . = ALIGN (0x2)
 *(.rodata .rodata.* .gnu.linkonce.r.*)
 .rodata        0x0000000000009534      0x168 ELECTION.co
                0x0000000000009676                autostart_processes
                0x0000000000009688                procoffset
                0x000000000000968a                SyncListenNativeChan
                0x000000000000968c                cListeningTicks
                0x0000000000009690                beta
                0x0000000000009694                alpha
 .rodata        0x000000000000969c       0xd4 obj_sky/contiki-sky-main.o
 .rodata        0x0000000000009770        0x2 contiki-sky.a(rimeaddr.o)
                0x0000000000009770                rimeaddr_null
 .rodata        0x0000000000009772        0xc contiki-sky.a(rime.o)
                0x0000000000009778                rime_driver
 .rodata        0x000000000000977e        0x4 contiki-sky.a(broadcast-annou)
 .rodata        0x0000000000009782        0x8 contiki-sky.a(broadcast.o)
 .rodata        0x000000000000978a        0x2 contiki-sky.a(abc.o)
 .rodata        0x000000000000978c       0x10 contiki-sky.a(chameleon-bitop)
                0x000000000000978c                chameleon_bitopt
 .rodata        0x000000000000979c       0x16 contiki-sky.a(nullmac.o)
                0x00000000000097a4                nullmac_driver
 .rodata        0x00000000000097b2       0x18 contiki-sky.a(nullrdc.o)
                0x00000000000097ba                nullrdc_driver
 .rodata        0x00000000000097ca        0x4 contiki-sky.a(framer-802154.o)
                0x00000000000097ca                framer_802154
 .rodata        0x00000000000097ce        0xe contiki-sky.a(serial-line.o)
 .rodata        0x00000000000097dc        0xc contiki-sky.a(etimer.o)
 .rodata        0x00000000000097e8        0xf contiki-sky.a(ctimer.o)
 *fill*         0x00000000000097f7        0x1 00
 .rodata        0x00000000000097f8       0x10 contiki-sky.a(button-sensor.o)
                0x0000000000009800                button_sensor
 .rodata        0x0000000000009808        0x8 contiki-sky.a(sensors.o)
 .rodata        0x0000000000009810       0x22 contiki-sky.a(cc2420.o)
                0x0000000000009810                cc2420_driver
 .rodata        0x0000000000009832        0x2 contiki-sky.a(frame802154.o)
 .rodata        0x0000000000009834        0x8 /usr/lib/gcc/msp430/4.6.3/mmpy-16/libgcc.a(_thenan_sf.o)
                0x0000000000009834                __thenan_sf
 .rodata        0x000000000000983c      0x100 /usr/lib/gcc/msp430/4.6.3/mmpy-16/libgcc.a(_clz.o)
                0x000000000000983c                __clz_tab
 .rodata        0x000000000000993c        0x7 /usr/lib/gcc/msp430/4.6.3/../../../../msp430/lib/mmpy-16/libc.a(vuprintf.o)
                0x0000000000009944                . = ALIGN (0x2)
 *fill*         0x0000000000009943        0x1 00
                0x0000000000009944                _etext = .

.data           0x0000000000001100       0x6e load address 0x0000000000009944
                0x0000000000001100                . = ALIGN (0x2)
                0x0000000000001100                PROVIDE (__data_start, .)
 *(.data .data.* .gnu.linkonce.d.*)
 .data          0x0000000000001100       0x1a ELECTION.co
                0x0000000000001100                example_desync_process
                0x000000000000110a                channelRX
                0x000000000000110c                channelTX
                0x000000000000110e                rtPERIOD
                0x0000000000001110                NE
                0x0000000000001112                NL
                0x0000000000001114                NC
                0x0000000000001116                tGuard
                0x0000000000001118                tConvergedGuard
 .data          0x000000000000111a        0xa contiki-sky.a(serial-line.o)
                0x000000000000111a                serial_line_process
 .data          0x0000000000001124        0xa contiki-sky.a(etimer.o)
                0x0000000000001124                etimer_process
 .data          0x000000000000112e        0xa contiki-sky.a(ctimer.o)
                0x000000000000112e                ctimer_process
 .data          0x0000000000001138       0x18 contiki-sky.a(queuebuf.o)
 .data          0x0000000000001150        0x4 contiki-sky.a(contiki-sky-pla)
                0x0000000000001150                sensors
 .data          0x0000000000001154        0xa contiki-sky.a(sensors.o)
                0x0000000000001154                sensors_process
 .data          0x000000000000115e        0xa contiki-sky.a(cc2420.o)
                0x000000000000115e                cc2420_process
 .data          0x0000000000001168        0x2 contiki-sky.a(msp430.o)
 .data          0x000000000000116a        0x4 /usr/lib/gcc/msp430/4.6.3/../../../../msp430/lib/mmpy-16/libc.a(rand.o)
                0x000000000000116e                . = ALIGN (0x2)
                0x000000000000116e                _edata = .
                0x0000000000009944                PROVIDE (__data_load_start, LOADADDR (.data))
                0x000000000000006e                PROVIDE (__data_size, SIZEOF (.data))

.bss            0x000000000000116e     0x1126 load address 0x00000000000099b2
                0x000000000000116e                PROVIDE (__bss_start, .)
 *(.bss .bss.*)
 .bss           0x000000000000116e       0x60 ELECTION.co
                0x000000000000116e                rtimer_ret
                0x0000000000001170                Roll
                0x0000000000001172                AFN
                0x000000000000117a                W
                0x000000000000117c                isVoteReceived
                0x000000000000117e                isSelfJustVoted
                0x0000000000001180                HighestElectionRoll
                0x0000000000001182                NEcount
                0x0000000000001184                ThisNodeType
                0x0000000000001186                PacketsHeardDuringLI
                0x0000000000001188                sHeardSync
                0x000000000000118a                sHeardNext
                0x000000000000118c                sHeardPrev
                0x000000000000118e                sLostBeacons
                0x0000000000001190                sConverged
                0x0000000000001192                sJustVoted
                0x0000000000001194                sJustFired
                0x0000000000001196                tReceived
                0x0000000000001198                tListen
                0x000000000000119a                tOffset
                0x000000000000119c                tDiff
                0x000000000000119e                tInterFiring
                0x00000000000011a0                tInterFiringOld
                0x00000000000011a2                tFireOld
                0x00000000000011a4                tNextFire
                0x00000000000011a6                tPrevOld
                0x00000000000011a8                tPrev
                0x00000000000011aa                tNext
                0x00000000000011ac                tFire
 .bss           0x00000000000011ce        0xc obj_sky/contiki-sky-main.o
 .bss           0x00000000000011da        0x2 contiki-sky.a(rime.o)
 .bss           0x00000000000011dc        0x6 contiki-sky.a(announcement.o)
 .bss           0x00000000000011e2       0x46 contiki-sky.a(broadcast-annou)
 .bss           0x0000000000001228        0x2 contiki-sky.a(channel.o)
 .bss           0x000000000000122a        0x2 contiki-sky.a(framer-802154.o)
 .bss           0x000000000000122c       0x42 contiki-sky.a(process.o)
                0x000000000000122c                process_current
                0x000000000000122e                process_list
 .bss           0x000000000000126e      0x10a contiki-sky.a(serial-line.o)
 .bss           0x0000000000001378        0x6 contiki-sky.a(etimer.o)
 .bss           0x000000000000137e        0x4 contiki-sky.a(ctimer.o)
 .bss           0x0000000000001382        0x2 contiki-sky.a(rtimer.o)
 .bss           0x0000000000001384       0xba contiki-sky.a(packetbuf.o)
 .bss           0x000000000000143e      0xc4e contiki-sky.a(queuebuf.o)
 .bss           0x000000000000208c        0x8 contiki-sky.a(button-sensor.o)
 .bss           0x0000000000002094        0x2 contiki-sky.a(node-id.o)
                0x0000000000002094                node_id
 .bss           0x0000000000002096        0x6 contiki-sky.a(sensors.o)
 .bss           0x000000000000209c        0xa contiki-sky.a(cc2420.o)
 .bss           0x00000000000020a6       0x9a contiki-sky.a(uart1.o)
 .bss           0x0000000000002140        0xa contiki-sky.a(clock.o)
 .bss           0x000000000000214a        0x2 contiki-sky.a(leds.o)
 .bss           0x000000000000214c        0x2 contiki-sky.a(watchdog.o)
 *(COMMON)
 COMMON         0x000000000000214e       0x92 ELECTION.co
                0x000000000000214e                syncradioofftimer
                0x0000000000002154                maintimer
                0x000000000000215a                NodeChannelState
                0x000000000000215c                ChannelSyncNode
                0x000000000000215e                arrived
 COMMON         0x00000000000021e0        0x2 contiki-sky.a(rimeaddr.o)
                0x00000000000021e0                rimeaddr_node_addr
 COMMON         0x00000000000021e2        0x1 contiki-sky.a(process.o)
                0x00000000000021e2                process_maxevents
 COMMON         0x00000000000021e3        0x1 contiki-sky.a(serial-line.o)
                0x00000000000021e3                serial_line_event_message
 COMMON         0x00000000000021e4       0x56 contiki-sky.a(energest.o)
                0x00000000000021e4                energest_total_time
                0x0000000000002214                energest_total_count
                0x0000000000002216                energest_current_mode
                0x0000000000002222                energest_current_time
 COMMON         0x000000000000223a       0x38 contiki-sky.a(packetbuf.o)
                0x000000000000223a                packetbuf_addrs
                0x0000000000002242                packetbuf_attrs
 COMMON         0x0000000000002272        0x2 contiki-sky.a(contiki-sky-pla)
                0x0000000000002272                sensors_flags
 COMMON         0x0000000000002274        0x8 contiki-sky.a(ds2411.o)
                0x0000000000002274                ds2411_id
 COMMON         0x000000000000227c        0x1 contiki-sky.a(sensors.o)
                0x000000000000227c                sensors_event
 *fill*         0x000000000000227d        0x1 00
 COMMON         0x000000000000227e       0x14 contiki-sky.a(cc2420.o)
                0x000000000000227e                cc2420_last_rssi
                0x0000000000002280                cc2420_packets_read
                0x0000000000002282                cc2420_packets_seen
                0x0000000000002284                cc2420_sfd_start_time
                0x0000000000002286                cc2420_time_of_departure
                0x0000000000002288                cc2420_time_of_arrival
                0x000000000000228a                cc2420_last_correlation
                0x000000000000228c                cc2420_authority_level_of_sender
                0x000000000000228e                cc2420_sfd_counter
                0x0000000000002290                cc2420_sfd_end_time
 COMMON         0x0000000000002292        0x2 contiki-sky.a(msp430.o)
                0x0000000000002292                msp430_dco_required
                0x0000000000002294                . = ALIGN (0x2)
                0x0000000000002294                PROVIDE (__bss_end, .)
                0x0000000000001126                PROVIDE (__bss_size, SIZEOF (.bss))

.noinit         0x0000000000002294        0x2 load address 0x00000000000099b2
                0x0000000000002294                PROVIDE (__noinit_start, .)
 *(.noinit .noinit.*)
 .noinit.crt0   0x0000000000002294        0x2 /usr/lib/gcc/msp430/4.6.3/mmpy-16/libcrt0.a(__watchdog_support.o)
                0x0000000000002294                __wdt_clear_value
                0x0000000000002296                . = ALIGN (0x2)
                0x0000000000002296                PROVIDE (__noinit_end, .)
                0x0000000000002296                . = ALIGN (0x2)
                0x0000000000002296                _end = .

.infomem        0x0000000000001000        0x0
 *(.infomem)
                0x0000000000001000                . = ALIGN (0x2)
 *(.infomem.*)

.infomemnobits  0x0000000000001000        0x0
 *(.infomemnobits)
                0x0000000000001000                . = ALIGN (0x2)
 *(.infomemnobits.*)

.infoa
 *(.infoa .infoa.*)

.infob
 *(.infob .infob.*)

.infoc
 *(.infoc .infoc.*)

.infod
 *(.infod .infod.*)

.vectors        0x000000000000ffe0       0x20
                0x000000000000ffe0                PROVIDE (__vectors_start, .)
 *(.vectors*)
 .vectors       0x000000000000ffe0       0x20 /usr/lib/gcc/msp430/4.6.3/mmpy-16/crt0ivtbl16.o
                0x000000000000ffe0                __ivtbl_16
                0x0000000000010000                _vectors_end = .

.fartext        0x0000000000000000        0x0
                0x0000000000000000                . = ALIGN (0x2)
 *(.fartext)
                0x0000000000000000                . = ALIGN (0x2)
 *(.fartext.*)
                0x0000000000000000                _efartext = .

.profiler
 *(.profiler)

.stab
 *(.stab)

.stabstr
 *(.stabstr)

.stab.excl
 *(.stab.excl)

.stab.exclstr
 *(.stab.exclstr)

.stab.index
 *(.stab.index)

.stab.indexstr
 *(.stab.indexstr)

.comment
 *(.comment)

.debug
 *(.debug)

.line
 *(.line)

.debug_srcinfo
 *(.debug_srcinfo)

.debug_sfnames
 *(.debug_sfnames)

.debug_aranges  0x0000000000000000      0x258
 *(.debug_aranges)
 .debug_aranges
                0x0000000000000000       0x14 /usr/lib/gcc/msp430/4.6.3/mmpy-16/libgcc.a(_udivmod16.o)
 .debug_aranges
                0x0000000000000014       0x14 /usr/lib/gcc/msp430/4.6.3/mmpy-16/libgcc.a(_udivmod32.o)
 .debug_aranges
                0x0000000000000028       0x14 /usr/lib/gcc/msp430/4.6.3/mmpy-16/libgcc.a(_fixunssfsi.o)
 .debug_aranges
                0x000000000000003c       0x14 /usr/lib/gcc/msp430/4.6.3/mmpy-16/libgcc.a(_addsub_sf.o)
 .debug_aranges
                0x0000000000000050       0x14 /usr/lib/gcc/msp430/4.6.3/mmpy-16/libgcc.a(_mul_sf.o)
 .debug_aranges
                0x0000000000000064       0x14 /usr/lib/gcc/msp430/4.6.3/mmpy-16/libgcc.a(_div_sf.o)
 .debug_aranges
                0x0000000000000078       0x14 /usr/lib/gcc/msp430/4.6.3/mmpy-16/libgcc.a(_gt_sf.o)
 .debug_aranges
                0x000000000000008c       0x14 /usr/lib/gcc/msp430/4.6.3/mmpy-16/libgcc.a(_ge_sf.o)
 .debug_aranges
                0x00000000000000a0       0x14 /usr/lib/gcc/msp430/4.6.3/mmpy-16/libgcc.a(_sf_to_si.o)
 .debug_aranges
                0x00000000000000b4       0x14 /usr/lib/gcc/msp430/4.6.3/mmpy-16/libgcc.a(_usi_to_sf.o)
 .debug_aranges
                0x00000000000000c8       0x14 /usr/lib/gcc/msp430/4.6.3/mmpy-16/libgcc.a(_clzsi2.o)
 .debug_aranges
                0x00000000000000dc       0x14 /usr/lib/gcc/msp430/4.6.3/mmpy-16/libgcc.a(_pack_sf.o)
 .debug_aranges
                0x00000000000000f0       0x14 /usr/lib/gcc/msp430/4.6.3/mmpy-16/libgcc.a(_unpack_sf.o)
 .debug_aranges
                0x0000000000000104       0x14 /usr/lib/gcc/msp430/4.6.3/mmpy-16/libgcc.a(_fpcmp_parts_sf.o)
 .debug_aranges
                0x0000000000000118       0x14 /usr/lib/gcc/msp430/4.6.3/../../../../msp430/lib/mmpy-16/libc.a(strncmp.o)
 .debug_aranges
                0x000000000000012c       0x14 /usr/lib/gcc/msp430/4.6.3/../../../../msp430/lib/mmpy-16/libc.a(memcmp.o)
 .debug_aranges
                0x0000000000000140       0x14 /usr/lib/gcc/msp430/4.6.3/../../../../msp430/lib/mmpy-16/libc.a(memcpy.o)
 .debug_aranges
                0x0000000000000154       0x14 /usr/lib/gcc/msp430/4.6.3/../../../../msp430/lib/mmpy-16/libc.a(memset.o)
 .debug_aranges
                0x0000000000000168       0x14 /usr/lib/gcc/msp430/4.6.3/../../../../msp430/lib/mmpy-16/libc.a(printf.o)
 .debug_aranges
                0x000000000000017c       0x14 /usr/lib/gcc/msp430/4.6.3/../../../../msp430/lib/mmpy-16/libc.a(vuprintf.o)
 .debug_aranges
                0x0000000000000190       0x14 /usr/lib/gcc/msp430/4.6.3/../../../../msp430/lib/mmpy-16/libc.a(puts.o)
 .debug_aranges
                0x00000000000001a4       0x14 /usr/lib/gcc/msp430/4.6.3/../../../../msp430/lib/mmpy-16/libc.a(rand.o)
 .debug_aranges
                0x00000000000001b8       0x14 /usr/lib/gcc/msp430/4.6.3/mmpy-16/libgcc.a(_mulsi3.o)
 .debug_aranges
                0x00000000000001cc       0x14 /usr/lib/gcc/msp430/4.6.3/mmpy-16/libgcc.a(_udivmod64.o)
 .debug_aranges
                0x00000000000001e0       0x14 /usr/lib/gcc/msp430/4.6.3/mmpy-16/libcrt0.a(__watchdog_support.o)
 .debug_aranges
                0x00000000000001f4       0x14 /usr/lib/gcc/msp430/4.6.3/mmpy-16/libcrt0.a(__init_stack.o)
 .debug_aranges
                0x0000000000000208       0x14 /usr/lib/gcc/msp430/4.6.3/mmpy-16/libcrt0.a(_copy_data.o)
 .debug_aranges
                0x000000000000021c       0x14 /usr/lib/gcc/msp430/4.6.3/mmpy-16/libcrt0.a(_clear_bss.o)
 .debug_aranges
                0x0000000000000230       0x14 /usr/lib/gcc/msp430/4.6.3/mmpy-16/libcrt0.a(_endless_loop__.o)
 .debug_aranges
                0x0000000000000244       0x14 /usr/lib/gcc/msp430/4.6.3/mmpy-16/libcrt0.a(_unexpected_.o)

.debug_pubnames
 *(.debug_pubnames)

.debug_info     0x0000000000000000     0x32b4
 *(.debug_info)
 .debug_info    0x0000000000000000       0xd6 /usr/lib/gcc/msp430/4.6.3/mmpy-16/libgcc.a(_udivmod16.o)
 .debug_info    0x00000000000000d6       0xd6 /usr/lib/gcc/msp430/4.6.3/mmpy-16/libgcc.a(_udivmod32.o)
 .debug_info    0x00000000000001ac       0xb5 /usr/lib/gcc/msp430/4.6.3/mmpy-16/libgcc.a(_fixunssfsi.o)
 .debug_info    0x0000000000000261      0x425 /usr/lib/gcc/msp430/4.6.3/mmpy-16/libgcc.a(_addsub_sf.o)
 .debug_info    0x0000000000000686      0x3c9 /usr/lib/gcc/msp430/4.6.3/mmpy-16/libgcc.a(_mul_sf.o)
 .debug_info    0x0000000000000a4f      0x35c /usr/lib/gcc/msp430/4.6.3/mmpy-16/libgcc.a(_div_sf.o)
 .debug_info    0x0000000000000dab      0x26e /usr/lib/gcc/msp430/4.6.3/mmpy-16/libgcc.a(_gt_sf.o)
 .debug_info    0x0000000000001019      0x26e /usr/lib/gcc/msp430/4.6.3/mmpy-16/libgcc.a(_ge_sf.o)
 .debug_info    0x0000000000001287      0x289 /usr/lib/gcc/msp430/4.6.3/mmpy-16/libgcc.a(_sf_to_si.o)
 .debug_info    0x0000000000001510      0x144 /usr/lib/gcc/msp430/4.6.3/mmpy-16/libgcc.a(_thenan_sf.o)
 .debug_info    0x0000000000001654      0x204 /usr/lib/gcc/msp430/4.6.3/mmpy-16/libgcc.a(_usi_to_sf.o)
 .debug_info    0x0000000000001858      0x109 /usr/lib/gcc/msp430/4.6.3/mmpy-16/libgcc.a(_clzsi2.o)
 .debug_info    0x0000000000001961      0x2b1 /usr/lib/gcc/msp430/4.6.3/mmpy-16/libgcc.a(_pack_sf.o)
 .debug_info    0x0000000000001c12      0x23e /usr/lib/gcc/msp430/4.6.3/mmpy-16/libgcc.a(_unpack_sf.o)
 .debug_info    0x0000000000001e50      0x1d5 /usr/lib/gcc/msp430/4.6.3/mmpy-16/libgcc.a(_fpcmp_parts_sf.o)
 .debug_info    0x0000000000002025       0xa0 /usr/lib/gcc/msp430/4.6.3/mmpy-16/libgcc.a(_clz.o)
 .debug_info    0x00000000000020c5       0xbb /usr/lib/gcc/msp430/4.6.3/../../../../msp430/lib/mmpy-16/libc.a(strncmp.o)
 .debug_info    0x0000000000002180       0xe8 /usr/lib/gcc/msp430/4.6.3/../../../../msp430/lib/mmpy-16/libc.a(memcmp.o)
 .debug_info    0x0000000000002268      0x113 /usr/lib/gcc/msp430/4.6.3/../../../../msp430/lib/mmpy-16/libc.a(memcpy.o)
 .debug_info    0x000000000000237b       0xfe /usr/lib/gcc/msp430/4.6.3/../../../../msp430/lib/mmpy-16/libc.a(memset.o)
 .debug_info    0x0000000000002479      0x105 /usr/lib/gcc/msp430/4.6.3/../../../../msp430/lib/mmpy-16/libc.a(printf.o)
 .debug_info    0x000000000000257e      0x565 /usr/lib/gcc/msp430/4.6.3/../../../../msp430/lib/mmpy-16/libc.a(vuprintf.o)
 .debug_info    0x0000000000002ae3       0x96 /usr/lib/gcc/msp430/4.6.3/../../../../msp430/lib/mmpy-16/libc.a(puts.o)
 .debug_info    0x0000000000002b79      0x13f /usr/lib/gcc/msp430/4.6.3/../../../../msp430/lib/mmpy-16/libc.a(rand.o)
 .debug_info    0x0000000000002cb8       0xd6 /usr/lib/gcc/msp430/4.6.3/mmpy-16/libgcc.a(_mulsi3.o)
 .debug_info    0x0000000000002d8e       0xd6 /usr/lib/gcc/msp430/4.6.3/mmpy-16/libgcc.a(_udivmod64.o)
 .debug_info    0x0000000000002e64       0xb8 /usr/lib/gcc/msp430/4.6.3/mmpy-16/libcrt0.a(__watchdog_support.o)
 .debug_info    0x0000000000002f1c       0xb8 /usr/lib/gcc/msp430/4.6.3/mmpy-16/libcrt0.a(__init_stack.o)
 .debug_info    0x0000000000002fd4       0xb8 /usr/lib/gcc/msp430/4.6.3/mmpy-16/libcrt0.a(_copy_data.o)
 .debug_info    0x000000000000308c       0xb8 /usr/lib/gcc/msp430/4.6.3/mmpy-16/libcrt0.a(_clear_bss.o)
 .debug_info    0x0000000000003144       0xb8 /usr/lib/gcc/msp430/4.6.3/mmpy-16/libcrt0.a(_endless_loop__.o)
 .debug_info    0x00000000000031fc       0xb8 /usr/lib/gcc/msp430/4.6.3/mmpy-16/libcrt0.a(_unexpected_.o)
 *(.gnu.linkonce.wi.*)

.debug_abbrev   0x0000000000000000     0x17f9
 *(.debug_abbrev)
 .debug_abbrev  0x0000000000000000       0x14 /usr/lib/gcc/msp430/4.6.3/mmpy-16/libgcc.a(_udivmod16.o)
 .debug_abbrev  0x0000000000000014       0x14 /usr/lib/gcc/msp430/4.6.3/mmpy-16/libgcc.a(_udivmod32.o)
 .debug_abbrev  0x0000000000000028       0x5d /usr/lib/gcc/msp430/4.6.3/mmpy-16/libgcc.a(_fixunssfsi.o)
 .debug_abbrev  0x0000000000000085      0x1ab /usr/lib/gcc/msp430/4.6.3/mmpy-16/libgcc.a(_addsub_sf.o)
 .debug_abbrev  0x0000000000000230      0x1d9 /usr/lib/gcc/msp430/4.6.3/mmpy-16/libgcc.a(_mul_sf.o)
 .debug_abbrev  0x0000000000000409      0x1c4 /usr/lib/gcc/msp430/4.6.3/mmpy-16/libgcc.a(_div_sf.o)
 .debug_abbrev  0x00000000000005cd      0x151 /usr/lib/gcc/msp430/4.6.3/mmpy-16/libgcc.a(_gt_sf.o)
 .debug_abbrev  0x000000000000071e      0x151 /usr/lib/gcc/msp430/4.6.3/mmpy-16/libgcc.a(_ge_sf.o)
 .debug_abbrev  0x000000000000086f      0x160 /usr/lib/gcc/msp430/4.6.3/mmpy-16/libgcc.a(_sf_to_si.o)
 .debug_abbrev  0x00000000000009cf       0xba /usr/lib/gcc/msp430/4.6.3/mmpy-16/libgcc.a(_thenan_sf.o)
 .debug_abbrev  0x0000000000000a89      0x173 /usr/lib/gcc/msp430/4.6.3/mmpy-16/libgcc.a(_usi_to_sf.o)
 .debug_abbrev  0x0000000000000bfc       0xac /usr/lib/gcc/msp430/4.6.3/mmpy-16/libgcc.a(_clzsi2.o)
 .debug_abbrev  0x0000000000000ca8      0x192 /usr/lib/gcc/msp430/4.6.3/mmpy-16/libgcc.a(_pack_sf.o)
 .debug_abbrev  0x0000000000000e3a      0x15a /usr/lib/gcc/msp430/4.6.3/mmpy-16/libgcc.a(_unpack_sf.o)
 .debug_abbrev  0x0000000000000f94      0x10b /usr/lib/gcc/msp430/4.6.3/mmpy-16/libgcc.a(_fpcmp_parts_sf.o)
 .debug_abbrev  0x000000000000109f       0x61 /usr/lib/gcc/msp430/4.6.3/mmpy-16/libgcc.a(_clz.o)
 .debug_abbrev  0x0000000000001100       0x7c /usr/lib/gcc/msp430/4.6.3/../../../../msp430/lib/mmpy-16/libc.a(strncmp.o)
 .debug_abbrev  0x000000000000117c       0x9b /usr/lib/gcc/msp430/4.6.3/../../../../msp430/lib/mmpy-16/libc.a(memcmp.o)
 .debug_abbrev  0x0000000000001217       0x97 /usr/lib/gcc/msp430/4.6.3/../../../../msp430/lib/mmpy-16/libc.a(memcpy.o)
 .debug_abbrev  0x00000000000012ae       0x9c /usr/lib/gcc/msp430/4.6.3/../../../../msp430/lib/mmpy-16/libc.a(memset.o)
 .debug_abbrev  0x000000000000134a       0xd0 /usr/lib/gcc/msp430/4.6.3/../../../../msp430/lib/mmpy-16/libc.a(printf.o)
 .debug_abbrev  0x000000000000141a      0x1ef /usr/lib/gcc/msp430/4.6.3/../../../../msp430/lib/mmpy-16/libc.a(vuprintf.o)
 .debug_abbrev  0x0000000000001609       0x60 /usr/lib/gcc/msp430/4.6.3/../../../../msp430/lib/mmpy-16/libc.a(puts.o)
 .debug_abbrev  0x0000000000001669       0xf0 /usr/lib/gcc/msp430/4.6.3/../../../../msp430/lib/mmpy-16/libc.a(rand.o)
 .debug_abbrev  0x0000000000001759       0x14 /usr/lib/gcc/msp430/4.6.3/mmpy-16/libgcc.a(_mulsi3.o)
 .debug_abbrev  0x000000000000176d       0x14 /usr/lib/gcc/msp430/4.6.3/mmpy-16/libgcc.a(_udivmod64.o)
 .debug_abbrev  0x0000000000001781       0x14 /usr/lib/gcc/msp430/4.6.3/mmpy-16/libcrt0.a(__watchdog_support.o)
 .debug_abbrev  0x0000000000001795       0x14 /usr/lib/gcc/msp430/4.6.3/mmpy-16/libcrt0.a(__init_stack.o)
 .debug_abbrev  0x00000000000017a9       0x14 /usr/lib/gcc/msp430/4.6.3/mmpy-16/libcrt0.a(_copy_data.o)
 .debug_abbrev  0x00000000000017bd       0x14 /usr/lib/gcc/msp430/4.6.3/mmpy-16/libcrt0.a(_clear_bss.o)
 .debug_abbrev  0x00000000000017d1       0x14 /usr/lib/gcc/msp430/4.6.3/mmpy-16/libcrt0.a(_endless_loop__.o)
 .debug_abbrev  0x00000000000017e5       0x14 /usr/lib/gcc/msp430/4.6.3/mmpy-16/libcrt0.a(_unexpected_.o)

.debug_line     0x0000000000000000     0x17f2
 *(.debug_line)
 .debug_line    0x0000000000000000       0x9c /usr/lib/gcc/msp430/4.6.3/mmpy-16/libgcc.a(_udivmod16.o)
 .debug_line    0x000000000000009c       0xab /usr/lib/gcc/msp430/4.6.3/mmpy-16/libgcc.a(_udivmod32.o)
 .debug_line    0x0000000000000147       0x94 /usr/lib/gcc/msp430/4.6.3/mmpy-16/libgcc.a(_fixunssfsi.o)
 .debug_line    0x00000000000001db      0x13f /usr/lib/gcc/msp430/4.6.3/mmpy-16/libgcc.a(_addsub_sf.o)
 .debug_line    0x000000000000031a      0x137 /usr/lib/gcc/msp430/4.6.3/mmpy-16/libgcc.a(_mul_sf.o)
 .debug_line    0x0000000000000451       0xf9 /usr/lib/gcc/msp430/4.6.3/mmpy-16/libgcc.a(_div_sf.o)
 .debug_line    0x000000000000054a       0xb1 /usr/lib/gcc/msp430/4.6.3/mmpy-16/libgcc.a(_gt_sf.o)
 .debug_line    0x00000000000005fb       0xb1 /usr/lib/gcc/msp430/4.6.3/mmpy-16/libgcc.a(_ge_sf.o)
 .debug_line    0x00000000000006ac       0xbf /usr/lib/gcc/msp430/4.6.3/mmpy-16/libgcc.a(_sf_to_si.o)
 .debug_line    0x000000000000076b       0x94 /usr/lib/gcc/msp430/4.6.3/mmpy-16/libgcc.a(_thenan_sf.o)
 .debug_line    0x00000000000007ff       0xc6 /usr/lib/gcc/msp430/4.6.3/mmpy-16/libgcc.a(_usi_to_sf.o)
 .debug_line    0x00000000000008c5       0xbe /usr/lib/gcc/msp430/4.6.3/mmpy-16/libgcc.a(_clzsi2.o)
 .debug_line    0x0000000000000983      0x102 /usr/lib/gcc/msp430/4.6.3/mmpy-16/libgcc.a(_pack_sf.o)
 .debug_line    0x0000000000000a85       0xdd /usr/lib/gcc/msp430/4.6.3/mmpy-16/libgcc.a(_unpack_sf.o)
 .debug_line    0x0000000000000b62       0xe8 /usr/lib/gcc/msp430/4.6.3/mmpy-16/libgcc.a(_fpcmp_parts_sf.o)
 .debug_line    0x0000000000000c4a       0x80 /usr/lib/gcc/msp430/4.6.3/mmpy-16/libgcc.a(_clz.o)
 .debug_line    0x0000000000000cca       0x75 /usr/lib/gcc/msp430/4.6.3/../../../../msp430/lib/mmpy-16/libc.a(strncmp.o)
 .debug_line    0x0000000000000d3f       0x73 /usr/lib/gcc/msp430/4.6.3/../../../../msp430/lib/mmpy-16/libc.a(memcmp.o)
 .debug_line    0x0000000000000db2       0xe9 /usr/lib/gcc/msp430/4.6.3/../../../../msp430/lib/mmpy-16/libc.a(memcpy.o)
 .debug_line    0x0000000000000e9b       0xc8 /usr/lib/gcc/msp430/4.6.3/../../../../msp430/lib/mmpy-16/libc.a(memset.o)
 .debug_line    0x0000000000000f63       0x72 /usr/lib/gcc/msp430/4.6.3/../../../../msp430/lib/mmpy-16/libc.a(printf.o)
 .debug_line    0x0000000000000fd5      0x2d2 /usr/lib/gcc/msp430/4.6.3/../../../../msp430/lib/mmpy-16/libc.a(vuprintf.o)
 .debug_line    0x00000000000012a7       0x4d /usr/lib/gcc/msp430/4.6.3/../../../../msp430/lib/mmpy-16/libc.a(puts.o)
 .debug_line    0x00000000000012f4       0x4f /usr/lib/gcc/msp430/4.6.3/../../../../msp430/lib/mmpy-16/libc.a(rand.o)
 .debug_line    0x0000000000001343       0xa3 /usr/lib/gcc/msp430/4.6.3/mmpy-16/libgcc.a(_mulsi3.o)
 .debug_line    0x00000000000013e6       0xf1 /usr/lib/gcc/msp430/4.6.3/mmpy-16/libgcc.a(_udivmod64.o)
 .debug_line    0x00000000000014d7       0x84 /usr/lib/gcc/msp430/4.6.3/mmpy-16/libcrt0.a(__watchdog_support.o)
 .debug_line    0x000000000000155b       0x82 /usr/lib/gcc/msp430/4.6.3/mmpy-16/libcrt0.a(__init_stack.o)
 .debug_line    0x00000000000015dd       0x88 /usr/lib/gcc/msp430/4.6.3/mmpy-16/libcrt0.a(_copy_data.o)
 .debug_line    0x0000000000001665       0x88 /usr/lib/gcc/msp430/4.6.3/mmpy-16/libcrt0.a(_clear_bss.o)
 .debug_line    0x00000000000016ed       0x83 /usr/lib/gcc/msp430/4.6.3/mmpy-16/libcrt0.a(_endless_loop__.o)
 .debug_line    0x0000000000001770       0x82 /usr/lib/gcc/msp430/4.6.3/mmpy-16/libcrt0.a(_unexpected_.o)

.debug_frame    0x0000000000000000      0x450
 *(.debug_frame)
 .debug_frame   0x0000000000000000       0x28 /usr/lib/gcc/msp430/4.6.3/mmpy-16/libgcc.a(_fixunssfsi.o)
 .debug_frame   0x0000000000000028       0x6a /usr/lib/gcc/msp430/4.6.3/mmpy-16/libgcc.a(_addsub_sf.o)
 .debug_frame   0x0000000000000092       0x4a /usr/lib/gcc/msp430/4.6.3/mmpy-16/libgcc.a(_mul_sf.o)
 .debug_frame   0x00000000000000dc       0x3a /usr/lib/gcc/msp430/4.6.3/mmpy-16/libgcc.a(_div_sf.o)
 .debug_frame   0x0000000000000116       0x22 /usr/lib/gcc/msp430/4.6.3/mmpy-16/libgcc.a(_gt_sf.o)
 .debug_frame   0x0000000000000138       0x22 /usr/lib/gcc/msp430/4.6.3/mmpy-16/libgcc.a(_ge_sf.o)
 .debug_frame   0x000000000000015a       0x22 /usr/lib/gcc/msp430/4.6.3/mmpy-16/libgcc.a(_sf_to_si.o)
 .debug_frame   0x000000000000017c       0x36 /usr/lib/gcc/msp430/4.6.3/mmpy-16/libgcc.a(_usi_to_sf.o)
 .debug_frame   0x00000000000001b2       0x2e /usr/lib/gcc/msp430/4.6.3/mmpy-16/libgcc.a(_clzsi2.o)
 .debug_frame   0x00000000000001e0       0x38 /usr/lib/gcc/msp430/4.6.3/mmpy-16/libgcc.a(_pack_sf.o)
 .debug_frame   0x0000000000000218       0x28 /usr/lib/gcc/msp430/4.6.3/mmpy-16/libgcc.a(_unpack_sf.o)
 .debug_frame   0x0000000000000240       0x24 /usr/lib/gcc/msp430/4.6.3/mmpy-16/libgcc.a(_fpcmp_parts_sf.o)
 .debug_frame   0x0000000000000264       0x24 /usr/lib/gcc/msp430/4.6.3/../../../../msp430/lib/mmpy-16/libc.a(strncmp.o)
 .debug_frame   0x0000000000000288       0x24 /usr/lib/gcc/msp430/4.6.3/../../../../msp430/lib/mmpy-16/libc.a(memcmp.o)
 .debug_frame   0x00000000000002ac       0x38 /usr/lib/gcc/msp430/4.6.3/../../../../msp430/lib/mmpy-16/libc.a(memcpy.o)
 .debug_frame   0x00000000000002e4       0x32 /usr/lib/gcc/msp430/4.6.3/../../../../msp430/lib/mmpy-16/libc.a(memset.o)
 .debug_frame   0x0000000000000316       0x2a /usr/lib/gcc/msp430/4.6.3/../../../../msp430/lib/mmpy-16/libc.a(printf.o)
 .debug_frame   0x0000000000000340       0xb0 /usr/lib/gcc/msp430/4.6.3/../../../../msp430/lib/mmpy-16/libc.a(vuprintf.o)
 .debug_frame   0x00000000000003f0       0x24 /usr/lib/gcc/msp430/4.6.3/../../../../msp430/lib/mmpy-16/libc.a(puts.o)
 .debug_frame   0x0000000000000414       0x3c /usr/lib/gcc/msp430/4.6.3/../../../../msp430/lib/mmpy-16/libc.a(rand.o)

.debug_str      0x0000000000000000      0x6dc
 *(.debug_str)
 .debug_str     0x0000000000000000      0x137 /usr/lib/gcc/msp430/4.6.3/mmpy-16/libgcc.a(_fixunssfsi.o)
                                        0x17d (size before relaxing)
 .debug_str     0x0000000000000137      0x14f /usr/lib/gcc/msp430/4.6.3/mmpy-16/libgcc.a(_addsub_sf.o)
                                        0x255 (size before relaxing)
 .debug_str     0x0000000000000286       0x27 /usr/lib/gcc/msp430/4.6.3/mmpy-16/libgcc.a(_mul_sf.o)
                                        0x20e (size before relaxing)
 .debug_str     0x00000000000002ad       0x35 /usr/lib/gcc/msp430/4.6.3/mmpy-16/libgcc.a(_div_sf.o)
                                        0x217 (size before relaxing)
 .debug_str     0x00000000000002e2        0x8 /usr/lib/gcc/msp430/4.6.3/mmpy-16/libgcc.a(_gt_sf.o)
                                        0x1dc (size before relaxing)
 .debug_str     0x00000000000002ea        0x8 /usr/lib/gcc/msp430/4.6.3/mmpy-16/libgcc.a(_ge_sf.o)
                                        0x1dc (size before relaxing)
 .debug_str     0x00000000000002f2        0xa /usr/lib/gcc/msp430/4.6.3/mmpy-16/libgcc.a(_sf_to_si.o)
                                        0x1e5 (size before relaxing)
 .debug_str     0x0000000000000000      0x187 /usr/lib/gcc/msp430/4.6.3/mmpy-16/libgcc.a(_thenan_sf.o)
 .debug_str     0x00000000000002fc       0x2a /usr/lib/gcc/msp430/4.6.3/mmpy-16/libgcc.a(_usi_to_sf.o)
                                        0x1c7 (size before relaxing)
 .debug_str     0x0000000000000326       0x17 /usr/lib/gcc/msp430/4.6.3/mmpy-16/libgcc.a(_clzsi2.o)
                                        0x189 (size before relaxing)
 .debug_str     0x000000000000033d       0x10 /usr/lib/gcc/msp430/4.6.3/mmpy-16/libgcc.a(_pack_sf.o)
                                        0x1e4 (size before relaxing)
 .debug_str     0x000000000000034d        0xb /usr/lib/gcc/msp430/4.6.3/mmpy-16/libgcc.a(_unpack_sf.o)
                                        0x1c6 (size before relaxing)
 .debug_str     0x0000000000000358       0x10 /usr/lib/gcc/msp430/4.6.3/mmpy-16/libgcc.a(_fpcmp_parts_sf.o)
                                        0x1aa (size before relaxing)
 .debug_str     0x0000000000000000      0x16c /usr/lib/gcc/msp430/4.6.3/mmpy-16/libgcc.a(_clz.o)
 .debug_str     0x0000000000000368       0x5c /usr/lib/gcc/msp430/4.6.3/../../../../msp430/lib/mmpy-16/libc.a(strncmp.o)
                                         0xfd (size before relaxing)
 .debug_str     0x00000000000003c4       0x19 /usr/lib/gcc/msp430/4.6.3/../../../../msp430/lib/mmpy-16/libc.a(memcmp.o)
                                         0xfb (size before relaxing)
 .debug_str     0x00000000000003dd       0x34 /usr/lib/gcc/msp430/4.6.3/../../../../msp430/lib/mmpy-16/libc.a(memcpy.o)
                                        0x116 (size before relaxing)
 .debug_str     0x0000000000000411       0x26 /usr/lib/gcc/msp430/4.6.3/../../../../msp430/lib/mmpy-16/libc.a(memset.o)
                                        0x114 (size before relaxing)
 .debug_str     0x0000000000000437       0x40 /usr/lib/gcc/msp430/4.6.3/../../../../msp430/lib/mmpy-16/libc.a(printf.o)
                                        0x12a (size before relaxing)
 .debug_str     0x0000000000000477      0x221 /usr/lib/gcc/msp430/4.6.3/../../../../msp430/lib/mmpy-16/libc.a(vuprintf.o)
                                        0x375 (size before relaxing)
 .debug_str     0x0000000000000698       0x15 /usr/lib/gcc/msp430/4.6.3/../../../../msp430/lib/mmpy-16/libc.a(puts.o)
                                         0xf0 (size before relaxing)
 .debug_str     0x00000000000006ad       0x2f /usr/lib/gcc/msp430/4.6.3/../../../../msp430/lib/mmpy-16/libc.a(rand.o)
                                        0x10f (size before relaxing)

.debug_loc      0x0000000000000000     0x1558
 *(.debug_loc)
 .debug_loc     0x0000000000000000       0x44 /usr/lib/gcc/msp430/4.6.3/mmpy-16/libgcc.a(_fixunssfsi.o)
 .debug_loc     0x0000000000000044      0x2ca /usr/lib/gcc/msp430/4.6.3/mmpy-16/libgcc.a(_addsub_sf.o)
 .debug_loc     0x000000000000030e      0x248 /usr/lib/gcc/msp430/4.6.3/mmpy-16/libgcc.a(_mul_sf.o)
 .debug_loc     0x0000000000000556      0x110 /usr/lib/gcc/msp430/4.6.3/mmpy-16/libgcc.a(_div_sf.o)
 .debug_loc     0x0000000000000666       0x3c /usr/lib/gcc/msp430/4.6.3/mmpy-16/libgcc.a(_gt_sf.o)
 .debug_loc     0x00000000000006a2       0x3c /usr/lib/gcc/msp430/4.6.3/mmpy-16/libgcc.a(_ge_sf.o)
 .debug_loc     0x00000000000006de       0x3c /usr/lib/gcc/msp430/4.6.3/mmpy-16/libgcc.a(_sf_to_si.o)
 .debug_loc     0x000000000000071a       0x6c /usr/lib/gcc/msp430/4.6.3/mmpy-16/libgcc.a(_usi_to_sf.o)
 .debug_loc     0x0000000000000786       0x80 /usr/lib/gcc/msp430/4.6.3/mmpy-16/libgcc.a(_clzsi2.o)
 .debug_loc     0x0000000000000806      0x181 /usr/lib/gcc/msp430/4.6.3/mmpy-16/libgcc.a(_pack_sf.o)
 .debug_loc     0x0000000000000987       0x83 /usr/lib/gcc/msp430/4.6.3/mmpy-16/libgcc.a(_unpack_sf.o)
 .debug_loc     0x0000000000000a0a       0x5b /usr/lib/gcc/msp430/4.6.3/mmpy-16/libgcc.a(_fpcmp_parts_sf.o)
 .debug_loc     0x0000000000000a65       0x38 /usr/lib/gcc/msp430/4.6.3/../../../../msp430/lib/mmpy-16/libc.a(strncmp.o)
 .debug_loc     0x0000000000000a9d       0x5e /usr/lib/gcc/msp430/4.6.3/../../../../msp430/lib/mmpy-16/libc.a(memcmp.o)
 .debug_loc     0x0000000000000afb      0x1f0 /usr/lib/gcc/msp430/4.6.3/../../../../msp430/lib/mmpy-16/libc.a(memcpy.o)
 .debug_loc     0x0000000000000ceb       0xdb /usr/lib/gcc/msp430/4.6.3/../../../../msp430/lib/mmpy-16/libc.a(memset.o)
 .debug_loc     0x0000000000000dc6       0x38 /usr/lib/gcc/msp430/4.6.3/../../../../msp430/lib/mmpy-16/libc.a(printf.o)
 .debug_loc     0x0000000000000dfe      0x705 /usr/lib/gcc/msp430/4.6.3/../../../../msp430/lib/mmpy-16/libc.a(vuprintf.o)
 .debug_loc     0x0000000000001503       0x26 /usr/lib/gcc/msp430/4.6.3/../../../../msp430/lib/mmpy-16/libc.a(puts.o)
 .debug_loc     0x0000000000001529       0x2f /usr/lib/gcc/msp430/4.6.3/../../../../msp430/lib/mmpy-16/libc.a(rand.o)

.debug_macinfo
 *(.debug_macinfo)

.debug_pubtypes
 *(.debug_pubtypes)

.debug_ranges   0x0000000000000000       0x84
 *(.debug_ranges)
 .debug_ranges  0x0000000000000000       0x14 /usr/lib/gcc/msp430/4.6.3/mmpy-16/libgcc.a(_addsub_sf.o)
 .debug_ranges  0x0000000000000014       0x28 /usr/lib/gcc/msp430/4.6.3/mmpy-16/libgcc.a(_mul_sf.o)
 .debug_ranges  0x000000000000003c       0x24 /usr/lib/gcc/msp430/4.6.3/mmpy-16/libgcc.a(_div_sf.o)
 .debug_ranges  0x0000000000000060        0xc /usr/lib/gcc/msp430/4.6.3/mmpy-16/libgcc.a(_clzsi2.o)
 .debug_ranges  0x000000000000006c       0x18 /usr/lib/gcc/msp430/4.6.3/../../../../msp430/lib/mmpy-16/libc.a(vuprintf.o)
                0x0000000000003900                PROVIDE (__stack, (ORIGIN (ram) + 0x2800))
                0x0000000000009944                PROVIDE (__data_start_rom, _etext)
                0x00000000000099b2                PROVIDE (__data_end_rom, (_etext + SIZEOF (.data)))
OUTPUT(ELECTION.sky elf32-msp430)
